

================================================================
== Synthesis Summary Report of 'lzw_fpga'
================================================================
+ General Information: 
    * Date:           Fri Nov 29 23:45:52 2024
    * Version:        2020.2 (Build 3064766 on Wed Nov 18 09:12:47 MST 2020)
    * Project:        fpga_accelerate
    * Solution:       solution1 (Vitis Kernel Flow Target)
    * Product family: zynquplus
    * Target device:  xczu3eg-sbva484-1-i
    

+ Performance & Resource Estimates: 
    
    PS: '+' for module; 'o' for loop; '*' for dataflow
    +-----------------------------------------+------+-------+---------+-----------+----------+---------+------+----------+---------+----+------------+-------------+-----+
    |                 Modules                 | Issue|       | Latency |  Latency  | Iteration|         | Trip |          |         |    |            |             |     |
    |                 & Loops                 | Type | Slack | (cycles)|    (ns)   |  Latency | Interval| Count| Pipelined|  BRAM   | DSP|     FF     |     LUT     | URAM|
    +-----------------------------------------+------+-------+---------+-----------+----------+---------+------+----------+---------+----+------------+-------------+-----+
    |+ lzw_fpga*                              |     -|  -0.00|        -|          -|         -|        -|     -|  dataflow|  26 (6%)|   -|   6402 (4%)|  10684 (15%)|    -|
    | + grp_decoding_fu_248                   |     -|  -0.56|        -|          -|         -|        -|     -|        no|   8 (1%)|   -|  1047 (~0%)|    3124 (4%)|    -|
    |  o init_loop                            |     -|  -4.89|       64|    428.800|         1|        1|    64|       yes|        -|   -|           -|            -|    -|
    |  o build_string_loop                    |     -|  -4.89|       34|    227.800|         3|        2|    16|       yes|        -|   -|           -|            -|    -|
    |  o output_loop1                         |     -|  -4.89|        -|          -|         2|        1|     -|       yes|        -|   -|           -|            -|    -|
    |  o decode_main_loop                     |     -|  -4.89|        -|          -|         -|        -|     -|        no|        -|   -|           -|            -|    -|
    |   o output_loop2                        |     -|  -4.89|        -|          -|         2|        1|     -|       yes|        -|   -|           -|            -|    -|
    | + grp_encoding_fu_256                   |     -|  -1.52|        -|          -|         -|        -|     -|        no|   8 (1%)|   -|   260 (~0%)|     847 (1%)|    -|
    |  o init_loop                            |     -|  -4.89|       64|    428.800|         1|        1|    64|       yes|        -|   -|           -|            -|    -|
    |  o main_loop                            |     -|  -4.89|        -|          -|         -|        -|     -|        no|        -|   -|           -|            -|    -|
    |   o search_loop                         |     -|  -4.89|        -|          -|         3|        -|     -|        no|        -|   -|           -|            -|    -|
    | + grp_copy_output_code_fu_266           |     -|  -0.00|        -|          -|         -|        -|     -|        no|        -|   -|   268 (~0%)|    536 (~0%)|    -|
    |  o copy_output_code_loop                |     -|  -4.89|        -|          -|         3|        1|     -|       yes|        -|   -|           -|            -|    -|
    | + grp_load_input_fu_275                 |     -|  -0.00|        -|          -|         -|        -|     -|        no|        -|   -|   245 (~0%)|    559 (~0%)|    -|
    |  o load_input_loop                      |     -|  -4.89|        -|          -|         3|        1|     -|       yes|        -|   -|           -|            -|    -|
    | + grp_copy_output_fu_284                |     -|  -0.00|        -|          -|         -|        -|     -|        no|        -|   -|   168 (~0%)|    488 (~0%)|    -|
    |  o copy_output_loop                     |     -|  -4.89|        -|          -|         3|        1|     -|       yes|        -|   -|           -|            -|    -|
    | + grp_Block_split214_proc_fu_293        |     -|  -0.00|       71|    475.700|         -|       71|     -|        no|        -|   -|   233 (~0%)|    472 (~0%)|    -|
    | + grp_store_output_fu_303               |     -|  -1.28|      258|  1.729e+03|         -|      258|     -|        no|        -|   -|    23 (~0%)|    100 (~0%)|    -|
    |  o store_output_loop                    |     -|  -4.89|      256|  1.715e+03|         1|        1|   256|       yes|        -|   -|           -|            -|    -|
    | + call_ln187_lzw_fpga_entry11_fu_310    |     -|  -2.72|        0|      0.000|         -|        0|     -|        no|        -|   -|     3 (~0%)|     83 (~0%)|    -|
    | + call_ret8_Block_split212_proc_fu_333  |     -|  -2.72|        0|      0.000|         -|        0|     -|        no|        -|   -|    20 (~0%)|     38 (~0%)|    -|
    +-----------------------------------------+------+-------+---------+-----------+----------+---------+------+----------+---------+----+------------+-------------+-----+

