

================================================================
== Synthesis Summary Report of 'lzw_fpga'
================================================================
+ General Information: 
    * Date:           Fri Nov 15 12:40:14 2024
    * Version:        2020.2 (Build 3064766 on Wed Nov 18 09:12:47 MST 2020)
    * Project:        lzw_fpga
    * Solution:       solution1 (Vitis Kernel Flow Target)
    * Product family: zynquplus
    * Target device:  xczu3eg-sbva484-1-i
    

+ Performance & Resource Estimates: 
    
    PS: '+' for module; 'o' for loop; '*' for dataflow
    +------------------------+------+-------+---------+-----------+----------+---------+------+----------+-------------+----+-----------+------------+-----+
    |         Modules        | Issue|       | Latency |  Latency  | Iteration|         | Trip |          |             |    |           |            |     |
    |         & Loops        | Type | Slack | (cycles)|    (ns)   |  Latency | Interval| Count| Pipelined|    BRAM     | DSP|     FF    |     LUT    | URAM|
    +------------------------+------+-------+---------+-----------+----------+---------+------+----------+-------------+----+-----------+------------+-----+
    |+ lzw_fpga              |     -|  -0.00|        -|          -|         -|        -|     -|        no|  4109 (951%)|   -|  4736 (3%)|  9907 (14%)|    -|
    | + grp_encoding_fu_104  |     -|  -0.00|        -|          -|         -|        -|     -|        no|  2058 (476%)|   -|  1901 (1%)|   4129 (5%)|    -|
    |  o VITIS_LOOP_402_1    |     -|  -4.89|      257|  1.722e+03|         1|        1|   257|       yes|            -|   -|          -|           -|    -|
    |  o Loop 2              |     -|  -4.89|     1024|  6.861e+03|         1|        1|  1024|       yes|            -|   -|          -|           -|    -|
    |  o VITIS_LOOP_411_2    |     -|  -4.89|        -|          -|         -|        -|     -|        no|            -|   -|          -|           -|    -|
    |   o VITIS_LOOP_389_1   |    II|  -4.89|        -|          -|         2|        2|     -|       yes|            -|   -|          -|           -|    -|
    |   o VITIS_LOOP_368_1   |    II|  -4.89|     2047|  1.371e+04|         2|        2|  1023|       yes|            -|   -|          -|           -|    -|
    |   o VITIS_LOOP_423_3   |     -|  -4.89|        -|          -|         -|        -|     -|        no|            -|   -|          -|           -|    -|
    |    o VITIS_LOOP_377_1  |    II|  -4.89|        -|          -|         2|        2|     -|       yes|            -|   -|          -|           -|    -|
    |   o VITIS_LOOP_368_1   |    II|  -4.89|     2047|  1.371e+04|         2|        2|  1023|       yes|            -|   -|          -|           -|    -|
    |   o VITIS_LOOP_435_4   |     -|  -4.89|        -|          -|         -|        -|     -|        no|            -|   -|          -|           -|    -|
    |    o VITIS_LOOP_377_1  |    II|  -4.89|        -|          -|         2|        2|     -|       yes|            -|   -|          -|           -|    -|
    |   o VITIS_LOOP_368_1   |    II|  -4.89|     2047|  1.371e+04|         2|        2|  1023|       yes|            -|   -|          -|           -|    -|
    |  o VITIS_LOOP_456_5    |     -|  -4.89|        -|          -|         -|        -|     -|        no|            -|   -|          -|           -|    -|
    |   o VITIS_LOOP_377_1   |    II|  -4.89|        -|          -|         2|        2|     -|       yes|            -|   -|          -|           -|    -|
    | + grp_decoding_fu_116  |     -|  -0.00|        -|          -|         -|        -|     -|        no|  2049 (474%)|   -|  1830 (1%)|   3741 (5%)|    -|
    |  o VITIS_LOOP_472_1    |     -|  -4.89|      257|  1.722e+03|         1|        1|   257|       yes|            -|   -|          -|           -|    -|
    |  o VITIS_LOOP_368_1    |    II|  -4.89|     2115|  1.417e+04|        72|        2|  1023|       yes|            -|   -|          -|           -|    -|
    |  o VITIS_LOOP_389_1    |    II|  -4.89|        -|          -|         2|        2|     -|       yes|            -|   -|          -|           -|    -|
    |  o VITIS_LOOP_486_2    |     -|  -4.89|        -|          -|         -|        -|     -|        no|            -|   -|          -|           -|    -|
    |   o VITIS_LOOP_493_3   |    II|  -4.89|        -|          -|         2|        2|     -|       yes|            -|   -|          -|           -|    -|
    |   o VITIS_LOOP_368_1   |    II|  -4.89|     2047|  1.371e+04|         2|        2|  1023|       yes|            -|   -|          -|           -|    -|
    |   o VITIS_LOOP_505_4   |    II|  -4.89|        -|          -|        72|        2|     -|       yes|            -|   -|          -|           -|    -|
    |   o VITIS_LOOP_368_1   |    II|  -4.89|     2047|  1.371e+04|         2|        2|  1023|       yes|            -|   -|          -|           -|    -|
    |   o VITIS_LOOP_389_1   |    II|  -4.89|        -|          -|         2|        2|     -|       yes|            -|   -|          -|           -|    -|
    +------------------------+------+-------+---------+-----------+----------+---------+------+----------+-------------+----+-----------+------------+-----+

