

================================================================
== Synthesis Summary Report of 'lzw_fpga'
================================================================
+ General Information: 
    * Date:           Fri Nov 22 14:47:16 2024
    * Version:        2020.2 (Build 3064766 on Wed Nov 18 09:12:47 MST 2020)
    * Project:        lzw_fpga
    * Solution:       solution1 (Vitis Kernel Flow Target)
    * Product family: zynquplus
    * Target device:  xczu3eg-sbva484-1-i
    

+ Performance & Resource Estimates: 
    
    PS: '+' for module; 'o' for loop; '*' for dataflow
    +-------------------------------+------+-------+---------+-----------+----------+---------+------+----------+-----------+----+-----------+-------------+-----+
    |            Modules            | Issue|       | Latency |  Latency  | Iteration|         | Trip |          |           |    |           |             |     |
    |            & Loops            | Type | Slack | (cycles)|    (ns)   |  Latency | Interval| Count| Pipelined|   BRAM    | DSP|     FF    |     LUT     | URAM|
    +-------------------------------+------+-------+---------+-----------+----------+---------+------+----------+-----------+----+-----------+-------------+-----+
    |+ lzw_fpga                     |     -|  -0.00|        -|          -|         -|        -|     -|        no|  135 (31%)|   -|  4708 (3%)|  10519 (14%)|    -|
    | + grp_encoding_fu_104         |     -|  -0.00|        -|          -|         -|        -|     -|        no|   67 (15%)|   -|  1869 (1%)|    4104 (5%)|    -|
    |  o VITIS_LOOP_40_1            |     -|  -4.89|      256|  1.715e+03|         1|        1|   256|       yes|          -|   -|          -|            -|    -|
    |  o Loop 2                     |     -|  -4.89|      256|  1.715e+03|         1|        1|   256|       yes|          -|   -|          -|            -|    -|
    |  o VITIS_LOOP_49_2            |     -|  -4.89|        -|          -|         -|        -|     -|        no|          -|   -|          -|            -|    -|
    |   o VITIS_LOOP_27_1           |    II|  -4.89|        -|          -|         2|        2|     -|       yes|          -|   -|          -|            -|    -|
    |   o VITIS_LOOP_8_1            |    II|  -4.89|      511|  3.424e+03|         2|        2|   255|       yes|          -|   -|          -|            -|    -|
    |   o VITIS_LOOP_61_3           |     -|  -4.89|        -|          -|         -|        -|     -|        no|          -|   -|          -|            -|    -|
    |    o VITIS_LOOP_16_1          |    II|  -4.89|        -|          -|         2|        2|     -|       yes|          -|   -|          -|            -|    -|
    |   o VITIS_LOOP_8_1            |    II|  -4.89|      511|  3.424e+03|         2|        2|   255|       yes|          -|   -|          -|            -|    -|
    |   o VITIS_LOOP_73_4           |     -|  -4.89|        -|          -|         -|        -|     -|        no|          -|   -|          -|            -|    -|
    |    o VITIS_LOOP_16_1          |    II|  -4.89|        -|          -|         2|        2|     -|       yes|          -|   -|          -|            -|    -|
    |   o VITIS_LOOP_8_1            |    II|  -4.89|      511|  3.424e+03|         2|        2|   255|       yes|          -|   -|          -|            -|    -|
    |  o VITIS_LOOP_94_5            |     -|  -4.89|        -|          -|         -|        -|     -|        no|          -|   -|          -|            -|    -|
    |   o VITIS_LOOP_16_1           |    II|  -4.89|        -|          -|         2|        2|     -|       yes|          -|   -|          -|            -|    -|
    | + grp_decoding_fu_116         |     -|  -0.00|        -|          -|         -|        -|     -|        no|   66 (15%)|   -|  1834 (1%)|    4378 (6%)|    -|
    |  + grp_string_copy_1_fu_478   |     -|  -0.00|        -|          -|         -|        -|     -|        no|          -|   -|  549 (~0%)|     909 (1%)|    -|
    |   o VITIS_LOOP_8_1            |    II|  -4.89|        -|          -|        72|        2|     -|       yes|          -|   -|          -|            -|    -|
    |  + grp_string_copy_16_fu_488  |     -|  -1.33|      513|  3.437e+03|         -|      513|     -|        no|          -|   -|   29 (~0%)|    100 (~0%)|    -|
    |   o VITIS_LOOP_8_1            |    II|  -4.89|      511|  3.424e+03|         2|        2|   255|       yes|          -|   -|          -|            -|    -|
    |  + grp_string_copy_fu_495     |     -|  -1.33|      513|  3.437e+03|         -|      513|     -|        no|          -|   -|   29 (~0%)|    100 (~0%)|    -|
    |   o VITIS_LOOP_8_1            |    II|  -4.89|      511|  3.424e+03|         2|        2|   255|       yes|          -|   -|          -|            -|    -|
    |  o VITIS_LOOP_111_1           |     -|  -4.89|      256|  1.715e+03|         1|        1|   256|       yes|          -|   -|          -|            -|    -|
    |  o Loop 2                     |     -|  -4.89|      256|  1.715e+03|         1|        1|   256|       yes|          -|   -|          -|            -|    -|
    |  o VITIS_LOOP_27_1            |    II|  -4.89|        -|          -|         2|        2|     -|       yes|          -|   -|          -|            -|    -|
    |  o VITIS_LOOP_131_2           |     -|  -4.89|        -|          -|         -|        -|     -|        no|          -|   -|          -|            -|    -|
    |   o VITIS_LOOP_131_2.1        |     -|  -4.89|      256|  1.715e+03|         1|        1|   256|       yes|          -|   -|          -|            -|    -|
    |   o VITIS_LOOP_27_1           |    II|  -4.89|        -|          -|         2|        2|     -|       yes|          -|   -|          -|            -|    -|
    |   o VITIS_LOOP_27_1           |    II|  -4.89|        -|          -|         2|        2|     -|       yes|          -|   -|          -|            -|    -|
    |   o VITIS_LOOP_27_1           |    II|  -4.89|        -|          -|         2|        2|     -|       yes|          -|   -|          -|            -|    -|
    |   o VITIS_LOOP_8_1            |    II|  -4.89|      511|  3.424e+03|         2|        2|   255|       yes|          -|   -|          -|            -|    -|
    +-------------------------------+------+-------+---------+-----------+----------+---------+------+----------+-----------+----+-----------+-------------+-----+

