

================================================================
== Vitis HLS Report for 'encoding'
================================================================
* Date:           Fri Nov 22 14:47:13 2024

* Version:        2020.2 (Build 3064766 on Wed Nov 18 09:12:47 MST 2020)
* Project:        lzw_fpga
* Solution:       solution1 (Vitis Kernel Flow Target)
* Product family: zynquplus
* Target device:  xczu3eg-sbva484-1-i


================================================================
== Performance Estimates
================================================================
+ Timing: 
    * Summary: 
    +--------+---------+----------+------------+
    |  Clock |  Target | Estimated| Uncertainty|
    +--------+---------+----------+------------+
    |ap_clk  |  6.70 ns|  4.891 ns|     1.81 ns|
    +--------+---------+----------+------------+

+ Latency: 
    * Summary: 
    +---------+---------+----------+----------+-----+-----+---------+
    |  Latency (cycles) |  Latency (absolute) |  Interval | Pipeline|
    |   min   |   max   |    min   |    max   | min | max |   Type  |
    +---------+---------+----------+----------+-----+-----+---------+
    |        ?|        ?|         ?|         ?|    ?|    ?|     none|
    +---------+---------+----------+----------+-----+-----+---------+

    + Detail: 
        * Instance: 
        N/A

        * Loop: 
        +----------------------+---------+---------+----------+-----------+-----------+---------+----------+
        |                      |  Latency (cycles) | Iteration|  Initiation Interval  |   Trip  |          |
        |       Loop Name      |   min   |   max   |  Latency |  achieved |   target  |  Count  | Pipelined|
        +----------------------+---------+---------+----------+-----------+-----------+---------+----------+
        |- VITIS_LOOP_40_1     |      256|      256|         1|          1|          1|      256|       yes|
        |- Loop 2              |      256|      256|         1|          1|          1|      256|       yes|
        |- VITIS_LOOP_49_2     |        ?|        ?|         ?|          -|          -|        ?|        no|
        | + VITIS_LOOP_27_1    |        ?|        ?|         2|          2|          1|        ?|       yes|
        | + VITIS_LOOP_8_1     |        3|      511|         2|          2|          1|  1 ~ 255|       yes|
        | + VITIS_LOOP_61_3    |        ?|        ?|         ?|          -|          -|        ?|        no|
        |  ++ VITIS_LOOP_16_1  |        ?|        ?|         2|          2|          1|        ?|       yes|
        | + VITIS_LOOP_8_1     |        3|      511|         2|          2|          1|  1 ~ 255|       yes|
        | + VITIS_LOOP_73_4    |        ?|        ?|         ?|          -|          -|        ?|        no|
        |  ++ VITIS_LOOP_16_1  |        ?|        ?|         2|          2|          1|        ?|       yes|
        | + VITIS_LOOP_8_1     |        3|      511|         2|          2|          1|  1 ~ 255|       yes|
        |- VITIS_LOOP_94_5     |        ?|        ?|         ?|          -|          -|        ?|        no|
        | + VITIS_LOOP_16_1    |        ?|        ?|         2|          2|          1|        ?|       yes|
        +----------------------+---------+---------+----------+-----------+-----------+---------+----------+



================================================================
== Utilization Estimates
================================================================
* Summary: 
+-----------------+---------+-----+--------+-------+-----+
|       Name      | BRAM_18K| DSP |   FF   |  LUT  | URAM|
+-----------------+---------+-----+--------+-------+-----+
|DSP              |        -|    -|       -|      -|    -|
|Expression       |        -|    -|       0|   1410|    -|
|FIFO             |        -|    -|       -|      -|    -|
|Instance         |        -|    -|       -|      -|    -|
|Memory           |       67|    -|       0|      0|    -|
|Multiplexer      |        -|    -|       -|   2694|    -|
|Register         |        -|    -|    1869|      -|    -|
+-----------------+---------+-----+--------+-------+-----+
|Total            |       67|    0|    1869|   4104|    0|
+-----------------+---------+-----+--------+-------+-----+
|Available        |      432|  360|  141120|  70560|    0|
+-----------------+---------+-----+--------+-------+-----+
|Utilization (%)  |       15|    0|       1|      5|    0|
+-----------------+---------+-----+--------+-------+-----+

+ Detail: 
    * Instance: 
    N/A

    * DSP: 
    N/A

    * Memory: 
    +--------------+---------------------+---------+---+----+-----+--------+-----+------+-------------+
    |    Memory    |        Module       | BRAM_18K| FF| LUT| URAM|  Words | Bits| Banks| W*Bits*Banks|
    +--------------+---------------------+---------+---+----+-----+--------+-----+------+-------------+
    |p_U           |encoding_p           |        1|  0|   0|    0|     256|    8|     1|         2048|
    |temp_U        |encoding_p           |        1|  0|   0|    0|     256|    8|     1|         2048|
    |table_code_U  |encoding_table_code  |        1|  0|   0|    0|     512|   32|     1|        16384|
    |table_str_U   |encoding_table_str   |       64|  0|   0|    0|  131072|    8|     1|      1048576|
    +--------------+---------------------+---------+---+----+-----+--------+-----+------+-------------+
    |Total         |                     |       67|  0|   0|    0|  132096|   56|     4|      1069056|
    +--------------+---------------------+---------+---+----+-----+--------+-----+------+-------------+

    * FIFO: 
    N/A

    * Expression: 
    +---------------------------------------+----------+----+---+-----+------------+------------+
    |             Variable Name             | Operation| DSP| FF| LUT | Bitwidth P0| Bitwidth P1|
    +---------------------------------------+----------+----+---+-----+------------+------------+
    |add_ln20_1_fu_1014_p2                  |         +|   0|  0|   71|          64|           1|
    |add_ln20_2_fu_1101_p2                  |         +|   0|  0|   71|          64|           1|
    |add_ln20_fu_1294_p2                    |         +|   0|  0|   71|          64|           1|
    |add_ln28_fu_923_p2                     |         +|   0|  0|   71|          64|           1|
    |add_ln49_1_fu_1242_p2                  |         +|   0|  0|   71|          64|           1|
    |add_ln49_2_fu_873_p2                   |         +|   0|  0|    9|           2|           2|
    |add_ln49_fu_848_p2                     |         +|   0|  0|   71|          64|          64|
    |add_ln57_fu_961_p2                     |         +|   0|  0|   15|           8|           1|
    |add_ln61_fu_982_p2                     |         +|   0|  0|   38|          31|           1|
    |add_ln73_fu_1081_p2                    |         +|   0|  0|   38|          31|           1|
    |add_ln75_fu_1130_p2                    |         +|   0|  0|   71|          64|          64|
    |add_ln8_1_fu_1043_p2                   |         +|   0|  0|   15|           8|           1|
    |add_ln8_2_fu_1199_p2                   |         +|   0|  0|   15|           8|           1|
    |add_ln8_fu_945_p2                      |         +|   0|  0|   15|           8|           1|
    |add_ln94_fu_1274_p2                    |         +|   0|  0|   38|          31|           1|
    |add_ln96_fu_1323_p2                    |         +|   0|  0|   71|          64|          64|
    |code_1_fu_1215_p2                      |         +|   0|  0|   39|          32|           1|
    |empty_34_fu_785_p2                     |         +|   0|  0|   16|           9|           1|
    |empty_39_fu_1004_p2                    |         +|   0|  0|   24|          17|          17|
    |empty_43_fu_1091_p2                    |         +|   0|  0|   24|          17|          17|
    |empty_47_fu_1284_p2                    |         +|   0|  0|   24|          17|          17|
    |grp_fu_698_p2                          |         +|   0|  0|   39|          32|           1|
    |i_1_fu_730_p2                          |         +|   0|  0|   16|           9|           1|
    |table_size_1_fu_1221_p2                |         +|   0|  0|   39|          32|           1|
    |and_ln16_1_fu_1026_p2                  |       and|   0|  0|    2|           1|           1|
    |and_ln16_2_fu_1113_p2                  |       and|   0|  0|    2|           1|           1|
    |and_ln16_fu_1306_p2                    |       and|   0|  0|    2|           1|           1|
    |and_ln27_fu_929_p2                     |       and|   0|  0|    2|           1|           1|
    |ap_block_state317                      |       and|   0|  0|    2|           1|           1|
    |ap_predicate_op977_writeresp_state317  |       and|   0|  0|    2|           1|           1|
    |exitcond16_fu_791_p2                   |      icmp|   0|  0|   11|           9|          10|
    |grp_fu_668_p2                          |      icmp|   0|  0|   20|          32|           1|
    |grp_fu_674_p2                          |      icmp|   0|  0|   11|           8|           1|
    |grp_fu_680_p2                          |      icmp|   0|  0|   11|           8|           1|
    |grp_fu_686_p2                          |      icmp|   0|  0|   11|           8|           8|
    |grp_fu_692_p2                          |      icmp|   0|  0|   11|           8|           8|
    |grp_fu_703_p2                          |      icmp|   0|  0|   11|           8|           8|
    |icmp_ln16_2_fu_1020_p2                 |      icmp|   0|  0|   11|           8|           1|
    |icmp_ln16_5_fu_1107_p2                 |      icmp|   0|  0|   11|           8|           1|
    |icmp_ln16_fu_1300_p2                   |      icmp|   0|  0|   11|           8|           1|
    |icmp_ln27_1_fu_917_p2                  |      icmp|   0|  0|   26|          56|           1|
    |icmp_ln40_fu_736_p2                    |      icmp|   0|  0|   11|           9|          10|
    |icmp_ln49_fu_901_p2                    |      icmp|   0|  0|   11|           8|           1|
    |icmp_ln61_1_fu_976_p2                  |      icmp|   0|  0|   20|          32|          32|
    |icmp_ln73_fu_1075_p2                   |      icmp|   0|  0|   20|          32|          32|
    |icmp_ln81_fu_1165_p2                   |      icmp|   0|  0|   16|          23|           1|
    |icmp_ln8_3_fu_951_p2                   |      icmp|   0|  0|   11|           8|           1|
    |icmp_ln8_4_fu_1037_p2                  |      icmp|   0|  0|   11|           8|           2|
    |icmp_ln8_5_fu_1049_p2                  |      icmp|   0|  0|   11|           8|           1|
    |icmp_ln8_6_fu_1193_p2                  |      icmp|   0|  0|   11|           8|           2|
    |icmp_ln8_7_fu_1205_p2                  |      icmp|   0|  0|   11|           8|           1|
    |icmp_ln8_fu_939_p2                     |      icmp|   0|  0|   11|           8|           2|
    |icmp_ln94_1_fu_1268_p2                 |      icmp|   0|  0|   20|          32|          32|
    |lshr_ln49_fu_892_p2                    |      lshr|   0|  0|  100|          32|          32|
    |or_ln42_fu_760_p2                      |        or|   0|  0|   17|          17|           1|
    +---------------------------------------+----------+----+---+-----+------------+------------+
    |Total                                  |          |   0|  0| 1410|        1204|         459|
    +---------------------------------------+----------+----+---+-----+------------+------------+

    * Multiplexer: 
    +------------------------+------+-----------+-----+-----------+
    |          Name          |  LUT | Input Size| Bits| Total Bits|
    +------------------------+------+-----------+-----+-----------+
    |ap_NS_fsm               |  2043|        387|    1|        387|
    |code_fu_156             |     9|          2|   32|         64|
    |empty_33_reg_482        |     9|          2|    9|         18|
    |gmem_blk_n_AR           |     9|          2|    1|          2|
    |gmem_blk_n_AW           |     9|          2|    1|          2|
    |gmem_blk_n_B            |     9|          2|    1|          2|
    |gmem_blk_n_R            |     9|          2|    1|          2|
    |gmem_blk_n_W            |     9|          2|    1|          2|
    |grp_fu_686_p0           |    14|          3|    8|         24|
    |grp_fu_686_p1           |    14|          3|    8|         24|
    |grp_fu_692_p0           |    14|          3|    8|         24|
    |grp_fu_692_p1           |    14|          3|    8|         24|
    |grp_fu_698_p0           |    14|          3|   32|         96|
    |grp_fu_703_p0           |    14|          3|    8|         24|
    |grp_fu_703_p1           |    14|          3|    8|         24|
    |i_2_reg_493             |     9|          2|   64|        128|
    |i_3_reg_519             |     9|          2|    8|         16|
    |i_4_reg_641             |     9|          2|   64|        128|
    |i_5_reg_541             |     9|          2|   64|        128|
    |i_6_reg_553             |     9|          2|    8|         16|
    |i_7_reg_575             |     9|          2|   64|        128|
    |i_8_reg_608             |     9|          2|    8|         16|
    |i_reg_471               |     9|          2|    9|         18|
    |j_1_reg_530             |     9|          2|   31|         62|
    |j_2_reg_564             |     9|          2|   31|         62|
    |j_reg_630               |     9|          2|   31|         62|
    |m_axi_gmem_ARADDR       |    14|          3|   64|        192|
    |m_axi_gmem_AWADDR       |    20|          4|   64|        256|
    |m_axi_gmem_WDATA        |    14|          3|   32|         96|
    |out_index_1205_reg_619  |     9|          2|   32|         64|
    |out_index_1206_reg_597  |     9|          2|   32|         64|
    |out_index_1_reg_587     |     9|          2|   32|         64|
    |out_index_3_reg_653     |    14|          3|   32|         96|
    |out_index_fu_148        |     9|          2|   32|         64|
    |p_address0              |    49|          9|    8|         72|
    |p_address1              |    14|          3|    8|         24|
    |p_d0                    |    20|          4|    8|         32|
    |p_len_reg_505           |     9|          2|   64|        128|
    |reg_709                 |     9|          2|    8|         16|
    |reg_717                 |     9|          2|    8|         16|
    |table_code_address0     |    26|          5|    9|         45|
    |table_code_d0           |    14|          3|   32|         96|
    |table_size_fu_152       |     9|          2|   32|         64|
    |table_str_address0      |    26|          5|   17|         85|
    |table_str_address1      |    20|          4|   17|         68|
    |table_str_d0            |    14|          3|    8|         24|
    |table_str_d1            |    14|          3|    8|         24|
    |temp_address0           |    26|          5|    8|         40|
    |temp_address1           |    20|          4|    8|         32|
    |temp_d0                 |    14|          3|    8|         24|
    +------------------------+------+-----------+-----+-----------+
    |Total                   |  2694|        524| 1080|       3169|
    +------------------------+------+-----------+-----+-----------+

    * Register: 
    +---------------------------+-----+----+-----+-----------+
    |            Name           |  FF | LUT| Bits| Const Bits|
    +---------------------------+-----+----+-----+-----------+
    |add_ln20_1_reg_1556        |   64|   0|   64|          0|
    |add_ln20_2_reg_1628        |   64|   0|   64|          0|
    |add_ln20_reg_1724          |   64|   0|   64|          0|
    |add_ln49_2_reg_1455        |    2|   0|    2|          0|
    |add_ln61_reg_1536          |   31|   0|   31|          0|
    |add_ln73_reg_1613          |   31|   0|   31|          0|
    |add_ln8_1_reg_1586         |    8|   0|    8|          0|
    |add_ln8_2_reg_1677         |    8|   0|    8|          0|
    |add_ln8_reg_1515           |    8|   0|    8|          0|
    |add_ln94_reg_1709          |   31|   0|   31|          0|
    |ap_CS_fsm                  |  386|   0|  386|          0|
    |c_reg_1473                 |    8|   0|    8|          0|
    |code_fu_156                |   32|   0|   32|          0|
    |empty_33_reg_482           |    9|   0|    9|          0|
    |gmem_addr_2_read_reg_1460  |   32|   0|   32|          0|
    |gmem_addr_2_reg_1449       |   64|   0|   64|          0|
    |gmem_addr_3_reg_1743       |   64|   0|   64|          0|
    |gmem_addr_5_reg_1647       |   64|   0|   64|          0|
    |i_2_reg_493                |   64|   0|   64|          0|
    |i_3_cast_reg_1505          |    8|   0|   64|         56|
    |i_3_reg_519                |    8|   0|    8|          0|
    |i_4_reg_641                |   64|   0|   64|          0|
    |i_5_reg_541                |   64|   0|   64|          0|
    |i_6_cast_reg_1576          |    8|   0|   64|         56|
    |i_6_reg_553                |    8|   0|    8|          0|
    |i_7_reg_575                |   64|   0|   64|          0|
    |i_8_reg_608                |    8|   0|    8|          0|
    |i_reg_471                  |    9|   0|    9|          0|
    |icmp_ln27_1_reg_1492       |    1|   0|    1|          0|
    |icmp_ln61_1_reg_1532       |    1|   0|    1|          0|
    |icmp_ln61_reg_1528         |    1|   0|    1|          0|
    |icmp_ln81_reg_1658         |    1|   0|    1|          0|
    |icmp_ln8_4_reg_1582        |    1|   0|    1|          0|
    |icmp_ln8_6_reg_1673        |    1|   0|    1|          0|
    |icmp_ln8_reg_1511          |    1|   0|    1|          0|
    |icmp_ln94_1_reg_1705       |    1|   0|    1|          0|
    |icmp_ln94_reg_1483         |    1|   0|    1|          0|
    |j_1_reg_530                |   31|   0|   31|          0|
    |j_2_reg_564                |   31|   0|   31|          0|
    |j_reg_630                  |   31|   0|   31|          0|
    |out_index_1205_reg_619     |   32|   0|   32|          0|
    |out_index_1206_reg_597     |   32|   0|   32|          0|
    |out_index_1_reg_587        |   32|   0|   32|          0|
    |out_index_2_reg_1465       |   32|   0|   32|          0|
    |out_index_3_reg_653        |   32|   0|   32|          0|
    |out_index_fu_148           |   32|   0|   32|          0|
    |p_len_reg_505              |   64|   0|   64|          0|
    |reg_709                    |    8|   0|    8|          0|
    |reg_717                    |    8|   0|    8|          0|
    |reg_724                    |   32|   0|   32|          0|
    |table_size_fu_152          |   32|   0|   32|          0|
    |table_str_addr_5_reg_1667  |   17|   0|   17|          0|
    |temp_load_reg_1561         |    8|   0|    8|          0|
    |tmp_2_cast_reg_1700        |    9|   0|   17|          8|
    |tmp_3_cast_reg_1541        |    9|   0|   17|          8|
    |tmp_4_cast_reg_1604        |    9|   0|   17|          8|
    |trunc_ln46_reg_1429        |    8|   0|    8|          0|
    |trunc_ln49_reg_1444        |    2|   0|    2|          0|
    |zext_ln73_reg_1599         |   31|   0|   64|         33|
    |zext_ln82_reg_1662         |   32|   0|   64|         32|
    |zext_ln94_reg_1695         |   31|   0|   64|         33|
    +---------------------------+-----+----+-----+-----------+
    |Total                      | 1869|   0| 2103|        234|
    +---------------------------+-----+----+-----+-----------+



================================================================
== Interface
================================================================
* Summary: 
+---------------------+-----+-----+------------+--------------+--------------+
|      RTL Ports      | Dir | Bits|  Protocol  | Source Object|    C Type    |
+---------------------+-----+-----+------------+--------------+--------------+
|ap_clk               |   in|    1|  ap_ctrl_hs|      encoding|  return value|
|ap_rst               |   in|    1|  ap_ctrl_hs|      encoding|  return value|
|ap_start             |   in|    1|  ap_ctrl_hs|      encoding|  return value|
|ap_done              |  out|    1|  ap_ctrl_hs|      encoding|  return value|
|ap_idle              |  out|    1|  ap_ctrl_hs|      encoding|  return value|
|ap_ready             |  out|    1|  ap_ctrl_hs|      encoding|  return value|
|m_axi_gmem_AWVALID   |  out|    1|       m_axi|          gmem|       pointer|
|m_axi_gmem_AWREADY   |   in|    1|       m_axi|          gmem|       pointer|
|m_axi_gmem_AWADDR    |  out|   64|       m_axi|          gmem|       pointer|
|m_axi_gmem_AWID      |  out|    1|       m_axi|          gmem|       pointer|
|m_axi_gmem_AWLEN     |  out|   32|       m_axi|          gmem|       pointer|
|m_axi_gmem_AWSIZE    |  out|    3|       m_axi|          gmem|       pointer|
|m_axi_gmem_AWBURST   |  out|    2|       m_axi|          gmem|       pointer|
|m_axi_gmem_AWLOCK    |  out|    2|       m_axi|          gmem|       pointer|
|m_axi_gmem_AWCACHE   |  out|    4|       m_axi|          gmem|       pointer|
|m_axi_gmem_AWPROT    |  out|    3|       m_axi|          gmem|       pointer|
|m_axi_gmem_AWQOS     |  out|    4|       m_axi|          gmem|       pointer|
|m_axi_gmem_AWREGION  |  out|    4|       m_axi|          gmem|       pointer|
|m_axi_gmem_AWUSER    |  out|    1|       m_axi|          gmem|       pointer|
|m_axi_gmem_WVALID    |  out|    1|       m_axi|          gmem|       pointer|
|m_axi_gmem_WREADY    |   in|    1|       m_axi|          gmem|       pointer|
|m_axi_gmem_WDATA     |  out|   32|       m_axi|          gmem|       pointer|
|m_axi_gmem_WSTRB     |  out|    4|       m_axi|          gmem|       pointer|
|m_axi_gmem_WLAST     |  out|    1|       m_axi|          gmem|       pointer|
|m_axi_gmem_WID       |  out|    1|       m_axi|          gmem|       pointer|
|m_axi_gmem_WUSER     |  out|    1|       m_axi|          gmem|       pointer|
|m_axi_gmem_ARVALID   |  out|    1|       m_axi|          gmem|       pointer|
|m_axi_gmem_ARREADY   |   in|    1|       m_axi|          gmem|       pointer|
|m_axi_gmem_ARADDR    |  out|   64|       m_axi|          gmem|       pointer|
|m_axi_gmem_ARID      |  out|    1|       m_axi|          gmem|       pointer|
|m_axi_gmem_ARLEN     |  out|   32|       m_axi|          gmem|       pointer|
|m_axi_gmem_ARSIZE    |  out|    3|       m_axi|          gmem|       pointer|
|m_axi_gmem_ARBURST   |  out|    2|       m_axi|          gmem|       pointer|
|m_axi_gmem_ARLOCK    |  out|    2|       m_axi|          gmem|       pointer|
|m_axi_gmem_ARCACHE   |  out|    4|       m_axi|          gmem|       pointer|
|m_axi_gmem_ARPROT    |  out|    3|       m_axi|          gmem|       pointer|
|m_axi_gmem_ARQOS     |  out|    4|       m_axi|          gmem|       pointer|
|m_axi_gmem_ARREGION  |  out|    4|       m_axi|          gmem|       pointer|
|m_axi_gmem_ARUSER    |  out|    1|       m_axi|          gmem|       pointer|
|m_axi_gmem_RVALID    |   in|    1|       m_axi|          gmem|       pointer|
|m_axi_gmem_RREADY    |  out|    1|       m_axi|          gmem|       pointer|
|m_axi_gmem_RDATA     |   in|   32|       m_axi|          gmem|       pointer|
|m_axi_gmem_RLAST     |   in|    1|       m_axi|          gmem|       pointer|
|m_axi_gmem_RID       |   in|    1|       m_axi|          gmem|       pointer|
|m_axi_gmem_RUSER     |   in|    1|       m_axi|          gmem|       pointer|
|m_axi_gmem_RRESP     |   in|    2|       m_axi|          gmem|       pointer|
|m_axi_gmem_BVALID    |   in|    1|       m_axi|          gmem|       pointer|
|m_axi_gmem_BREADY    |  out|    1|       m_axi|          gmem|       pointer|
|m_axi_gmem_BRESP     |   in|    2|       m_axi|          gmem|       pointer|
|m_axi_gmem_BID       |   in|    1|       m_axi|          gmem|       pointer|
|m_axi_gmem_BUSER     |   in|    1|       m_axi|          gmem|       pointer|
|input_r              |   in|   64|     ap_none|       input_r|        scalar|
|output_code          |   in|   64|     ap_none|   output_code|        scalar|
|output_size          |   in|   64|     ap_none|   output_size|        scalar|
+---------------------+-----+-----+------------+--------------+--------------+

