

================================================================
== Vitis HLS Report for 'string_copy_16'
================================================================
* Date:           Fri Nov 22 12:57:52 2024

* Version:        2020.2 (Build 3064766 on Wed Nov 18 09:12:47 MST 2020)
* Project:        lzw_fpga
* Solution:       solution1 (Vitis Kernel Flow Target)
* Product family: zynquplus
* Target device:  xczu3eg-sbva484-1-i


================================================================
== Performance Estimates
================================================================
+ Timing: 
    * Summary: 
    +--------+---------+----------+------------+
    |  Clock |  Target | Estimated| Uncertainty|
    +--------+---------+----------+------------+
    |ap_clk  |  6.70 ns|  3.560 ns|     1.81 ns|
    +--------+---------+----------+------------+

+ Latency: 
    * Summary: 
    +---------+---------+-----------+-----------+-----+------+---------+
    |  Latency (cycles) |   Latency (absolute)  |  Interval  | Pipeline|
    |   min   |   max   |    min    |    max    | min |  max |   Type  |
    +---------+---------+-----------+-----------+-----+------+---------+
    |        5|     2049|  33.500 ns|  13.728 us|    5|  2049|     none|
    +---------+---------+-----------+-----------+-----+------+---------+

    + Detail: 
        * Instance: 
        N/A

        * Loop: 
        +------------------+---------+---------+----------+-----------+-----------+----------+----------+
        |                  |  Latency (cycles) | Iteration|  Initiation Interval  |   Trip   |          |
        |     Loop Name    |   min   |   max   |  Latency |  achieved |   target  |   Count  | Pipelined|
        +------------------+---------+---------+----------+-----------+-----------+----------+----------+
        |- VITIS_LOOP_8_1  |        3|     2047|         2|          2|          1|  1 ~ 1023|       yes|
        +------------------+---------+---------+----------+-----------+-----------+----------+----------+



================================================================
== Utilization Estimates
================================================================
* Summary: 
+-----------------+---------+-----+--------+-------+-----+
|       Name      | BRAM_18K| DSP |   FF   |  LUT  | URAM|
+-----------------+---------+-----+--------+-------+-----+
|DSP              |        -|    -|       -|      -|    -|
|Expression       |        -|    -|       0|     39|    -|
|FIFO             |        -|    -|       -|      -|    -|
|Instance         |        -|    -|       -|      -|    -|
|Memory           |        -|    -|       -|      -|    -|
|Multiplexer      |        -|    -|       -|     63|    -|
|Register         |        -|    -|      35|      -|    -|
+-----------------+---------+-----+--------+-------+-----+
|Total            |        0|    0|      35|    102|    0|
+-----------------+---------+-----+--------+-------+-----+
|Available        |      432|  360|  141120|  70560|    0|
+-----------------+---------+-----+--------+-------+-----+
|Utilization (%)  |        0|    0|      ~0|     ~0|    0|
+-----------------+---------+-----+--------+-------+-----+

+ Detail: 
    * Instance: 
    N/A

    * DSP: 
    N/A

    * Memory: 
    N/A

    * FIFO: 
    N/A

    * Expression: 
    +----------------------+----------+----+---+----+------------+------------+
    |     Variable Name    | Operation| DSP| FF| LUT| Bitwidth P0| Bitwidth P1|
    +----------------------+----------+----+---+----+------------+------------+
    |add_ln8_fu_117_p2     |         +|   0|  0|  17|          10|           1|
    |icmp_ln8_1_fu_123_p2  |      icmp|   0|  0|  11|           8|           1|
    |icmp_ln8_fu_111_p2    |      icmp|   0|  0|  11|          10|           2|
    +----------------------+----------+----+---+----+------------+------------+
    |Total                 |          |   0|  0|  39|          28|           4|
    +----------------------+----------+----+---+----+------------+------------+

    * Multiplexer: 
    +---------------+----+-----------+-----+-----------+
    |      Name     | LUT| Input Size| Bits| Total Bits|
    +---------------+----+-----------+-----+-----------+
    |ap_NS_fsm      |  26|          5|    1|          5|
    |dest_address0  |  14|          3|   10|         30|
    |dest_d0        |  14|          3|    8|         24|
    |i_reg_84       |   9|          2|   10|         20|
    +---------------+----+-----------+-----+-----------+
    |Total          |  63|         13|   29|         79|
    +---------------+----+-----------+-----+-----------+

    * Register: 
    +------------------+----+----+-----+-----------+
    |       Name       | FF | LUT| Bits| Const Bits|
    +------------------+----+----+-----+-----------+
    |add_ln8_reg_149   |  10|   0|   10|          0|
    |ap_CS_fsm         |   4|   0|    4|          0|
    |i_cast_reg_134    |  10|   0|   64|         54|
    |i_reg_84          |  10|   0|   10|          0|
    |icmp_ln8_reg_145  |   1|   0|    1|          0|
    +------------------+----+----+-----+-----------+
    |Total             |  35|   0|   89|         54|
    +------------------+----+----+-----+-----------+



================================================================
== Interface
================================================================
* Summary: 
+---------------+-----+-----+------------+----------------+--------------+
|   RTL Ports   | Dir | Bits|  Protocol  |  Source Object |    C Type    |
+---------------+-----+-----+------------+----------------+--------------+
|ap_clk         |   in|    1|  ap_ctrl_hs|  string_copy.16|  return value|
|ap_rst         |   in|    1|  ap_ctrl_hs|  string_copy.16|  return value|
|ap_start       |   in|    1|  ap_ctrl_hs|  string_copy.16|  return value|
|ap_done        |  out|    1|  ap_ctrl_hs|  string_copy.16|  return value|
|ap_idle        |  out|    1|  ap_ctrl_hs|  string_copy.16|  return value|
|ap_ready       |  out|    1|  ap_ctrl_hs|  string_copy.16|  return value|
|dest_address0  |  out|   10|   ap_memory|            dest|         array|
|dest_ce0       |  out|    1|   ap_memory|            dest|         array|
|dest_we0       |  out|    1|   ap_memory|            dest|         array|
|dest_d0        |  out|    8|   ap_memory|            dest|         array|
|src_address0   |  out|   22|   ap_memory|             src|         array|
|src_ce0        |  out|    1|   ap_memory|             src|         array|
|src_q0         |   in|    8|   ap_memory|             src|         array|
|src_offset     |   in|   12|     ap_none|      src_offset|        scalar|
+---------------+-----+-----+------------+----------------+--------------+

