

================================================================
== Vitis HLS Report for 'Block_split214_proc'
================================================================
* Date:           Sun Dec  8 20:09:52 2024

* Version:        2020.2 (Build 3064766 on Wed Nov 18 09:12:47 MST 2020)
* Project:        lzw_fpga
* Solution:       solution (Vitis Kernel Flow Target)
* Product family: zynquplus
* Target device:  xczu3eg-sbva484-1-i


================================================================
== Performance Estimates
================================================================
+ Timing: 
    * Summary: 
    +--------+---------+----------+------------+
    |  Clock |  Target | Estimated| Uncertainty|
    +--------+---------+----------+------------+
    |ap_clk  |  6.67 ns|  4.867 ns|     1.80 ns|
    +--------+---------+----------+------------+

+ Latency: 
    * Summary: 
    +---------+---------+----------+----------+-----+-----+---------+
    |  Latency (cycles) |  Latency (absolute) |  Interval | Pipeline|
    |   min   |   max   |    min   |    max   | min | max |   Type  |
    +---------+---------+----------+----------+-----+-----+---------+
    |       71|       71|  0.473 us|  0.473 us|   71|   71|     none|
    +---------+---------+----------+----------+-----+-----+---------+

    + Detail: 
        * Instance: 
        N/A

        * Loop: 
        N/A

============================================================
+ Verbose Summary: Synthesis Manager
============================================================
InlineROM: 1
ExposeGlobal: 0
============================================================
+ Verbose Summary: CDFG Model
============================================================
IsTopModel: 0
ResetActiveHigh: 1
IsCombinational: 2
IsDatapathOnly: 0
HasWiredReturn: 1
HasMFsm: 0
HasVarLatency: 1
IsPipeline: 0
IsRtlPipelined: 0
IsInstanceOverlapped: 0
IsDontTouch: 0
HasImplIP: 0
IsGatedGlobalClock: 0


============================================================
+ Verbose Summary: Schedule
============================================================
* Number of FSM states : 72
* Pipeline : 0
* Dataflow Pipeline: 0

* FSM state transitions: 
1 --> 2 
2 --> 3 
3 --> 4 
4 --> 5 
5 --> 6 
6 --> 7 
7 --> 8 
8 --> 9 
9 --> 10 
10 --> 11 
11 --> 12 
12 --> 13 
13 --> 14 
14 --> 15 
15 --> 16 
16 --> 17 
17 --> 18 
18 --> 19 
19 --> 20 
20 --> 21 
21 --> 22 
22 --> 23 
23 --> 24 
24 --> 25 
25 --> 26 
26 --> 27 
27 --> 28 
28 --> 29 
29 --> 30 
30 --> 31 
31 --> 32 
32 --> 33 
33 --> 34 
34 --> 35 
35 --> 36 
36 --> 37 
37 --> 38 
38 --> 39 
39 --> 40 
40 --> 41 
41 --> 42 
42 --> 43 
43 --> 44 
44 --> 45 
45 --> 46 
46 --> 47 
47 --> 48 
48 --> 49 
49 --> 50 
50 --> 51 
51 --> 52 
52 --> 53 
53 --> 54 
54 --> 55 
55 --> 56 
56 --> 57 
57 --> 58 
58 --> 59 
59 --> 60 
60 --> 61 
61 --> 62 
62 --> 63 
63 --> 64 
64 --> 65 
65 --> 66 
66 --> 67 
67 --> 68 
68 --> 69 
69 --> 70 
70 --> 71 
71 --> 72 
72 --> 

* FSM state operations: 

State 1 <SV = 0> <Delay = 2.16>
ST_1 : Operation 73 [1/1] (2.14ns)   --->   "%output_size_read = read i64 @_ssdm_op_Read.ap_fifo.i64P0A, i64 %output_size" [/mnt/castor/seas_home/a/abdellah/Documents/ese5320_final_project/hls/lzw_hls.cpp:239]   --->   Operation 73 'read' 'output_size_read' <Predicate = true> <Delay = 2.14> <CoreInst = "FIFO_SRL">   --->   Core 81 'FIFO_SRL' <Latency = 0> <II = 1> <Delay = 2.14> <Storage> <Opcode : 'read' 'write' 'nbread' 'nbwrite'> <Ports = 0> <Width = 64> <Depth = 7> <FIFO>
ST_1 : Operation 74 [1/1] (2.14ns)   --->   "%output_length_read = read i64 @_ssdm_op_Read.ap_fifo.i64P0A, i64 %output_length" [/mnt/castor/seas_home/a/abdellah/Documents/ese5320_final_project/hls/lzw_hls.cpp:240]   --->   Operation 74 'read' 'output_length_read' <Predicate = true> <Delay = 2.14> <CoreInst = "FIFO_SRL">   --->   Core 81 'FIFO_SRL' <Latency = 0> <II = 1> <Delay = 2.14> <Storage> <Opcode : 'read' 'write' 'nbread' 'nbwrite'> <Ports = 0> <Width = 64> <Depth = 7> <FIFO>
ST_1 : Operation 75 [1/1] (2.16ns)   --->   "%local_output_size_read = read i32 @_ssdm_op_Read.ap_fifo.i32P0A, i32 %local_output_size" [/mnt/castor/seas_home/a/abdellah/Documents/ese5320_final_project/hls/lzw_hls.cpp:231]   --->   Operation 75 'read' 'local_output_size_read' <Predicate = true> <Delay = 2.16> <CoreInst = "FIFO_SRL">   --->   Core 81 'FIFO_SRL' <Latency = 0> <II = 1> <Delay = 2.16> <Storage> <Opcode : 'read' 'write' 'nbread' 'nbwrite'> <Ports = 0> <Width = 32> <Depth = 4> <FIFO>
ST_1 : Operation 76 [1/1] (0.00ns)   --->   "%trunc_ln = partselect i62 @_ssdm_op_PartSelect.i62.i64.i32.i32, i64 %output_size_read, i32 2, i32 63" [/mnt/castor/seas_home/a/abdellah/Documents/ese5320_final_project/hls/lzw_hls.cpp:239]   --->   Operation 76 'partselect' 'trunc_ln' <Predicate = true> <Delay = 0.00>
ST_1 : Operation 77 [1/1] (0.00ns)   --->   "%sext_ln239 = sext i62 %trunc_ln" [/mnt/castor/seas_home/a/abdellah/Documents/ese5320_final_project/hls/lzw_hls.cpp:239]   --->   Operation 77 'sext' 'sext_ln239' <Predicate = true> <Delay = 0.00>
ST_1 : Operation 78 [1/1] (0.00ns)   --->   "%gmem_addr = getelementptr i32 %gmem, i64 %sext_ln239" [/mnt/castor/seas_home/a/abdellah/Documents/ese5320_final_project/hls/lzw_hls.cpp:239]   --->   Operation 78 'getelementptr' 'gmem_addr' <Predicate = true> <Delay = 0.00>
ST_1 : Operation 79 [1/1] (0.00ns)   --->   "%trunc_ln7 = partselect i62 @_ssdm_op_PartSelect.i62.i64.i32.i32, i64 %output_length_read, i32 2, i32 63" [/mnt/castor/seas_home/a/abdellah/Documents/ese5320_final_project/hls/lzw_hls.cpp:240]   --->   Operation 79 'partselect' 'trunc_ln7' <Predicate = true> <Delay = 0.00>
ST_1 : Operation 80 [1/1] (0.00ns)   --->   "%sext_ln240 = sext i62 %trunc_ln7" [/mnt/castor/seas_home/a/abdellah/Documents/ese5320_final_project/hls/lzw_hls.cpp:240]   --->   Operation 80 'sext' 'sext_ln240' <Predicate = true> <Delay = 0.00>
ST_1 : Operation 81 [1/1] (0.00ns)   --->   "%gmem_addr_1 = getelementptr i32 %gmem, i64 %sext_ln240" [/mnt/castor/seas_home/a/abdellah/Documents/ese5320_final_project/hls/lzw_hls.cpp:240]   --->   Operation 81 'getelementptr' 'gmem_addr_1' <Predicate = true> <Delay = 0.00>

State 2 <SV = 1> <Delay = 4.86>
ST_2 : Operation 82 [1/1] (4.86ns)   --->   "%gmem_addr_req = writereq i1 @_ssdm_op_WriteReq.m_axi.i32P1A, i32 %gmem_addr, i32 1" [/mnt/castor/seas_home/a/abdellah/Documents/ese5320_final_project/hls/lzw_hls.cpp:239]   --->   Operation 82 'writereq' 'gmem_addr_req' <Predicate = true> <Delay = 4.86> <CoreInst = "m_axi">   --->   Core 121 'm_axi' <Latency = 6> <II = 1> <Delay = 1.00> <Adapter> <Opcode : 'read' 'write' 'readreq' 'writereq' 'writeresp'>

State 3 <SV = 2> <Delay = 4.86>
ST_3 : Operation 83 [1/1] (4.86ns)   --->   "%write_ln239 = write void @_ssdm_op_Write.m_axi.i32P1A, i32 %gmem_addr, i32 %local_output_size_read, i4 15" [/mnt/castor/seas_home/a/abdellah/Documents/ese5320_final_project/hls/lzw_hls.cpp:239]   --->   Operation 83 'write' 'write_ln239' <Predicate = true> <Delay = 4.86> <CoreInst = "m_axi">   --->   Core 121 'm_axi' <Latency = 6> <II = 1> <Delay = 1.00> <Adapter> <Opcode : 'read' 'write' 'readreq' 'writereq' 'writeresp'>
ST_3 : Operation 84 [1/1] (4.86ns)   --->   "%gmem_addr_1_req = writereq i1 @_ssdm_op_WriteReq.m_axi.i32P1A, i32 %gmem_addr_1, i32 1" [/mnt/castor/seas_home/a/abdellah/Documents/ese5320_final_project/hls/lzw_hls.cpp:240]   --->   Operation 84 'writereq' 'gmem_addr_1_req' <Predicate = true> <Delay = 4.86> <CoreInst = "m_axi">   --->   Core 121 'm_axi' <Latency = 6> <II = 1> <Delay = 1.00> <Adapter> <Opcode : 'read' 'write' 'readreq' 'writereq' 'writeresp'>

State 4 <SV = 3> <Delay = 4.86>
ST_4 : Operation 85 [1/1] (0.00ns)   --->   "%p_read_1 = read i32 @_ssdm_op_Read.ap_auto.i32, i32 %p_read" [/mnt/castor/seas_home/a/abdellah/Documents/ese5320_final_project/hls/lzw_hls.cpp:239]   --->   Operation 85 'read' 'p_read_1' <Predicate = true> <Delay = 0.00>
ST_4 : Operation 86 [68/68] (4.86ns)   --->   "%gmem_addr_resp = writeresp i1 @_ssdm_op_WriteResp.m_axi.i32P1A, i32 %gmem_addr" [/mnt/castor/seas_home/a/abdellah/Documents/ese5320_final_project/hls/lzw_hls.cpp:239]   --->   Operation 86 'writeresp' 'gmem_addr_resp' <Predicate = true> <Delay = 4.86> <CoreInst = "m_axi">   --->   Core 121 'm_axi' <Latency = 6> <II = 1> <Delay = 1.00> <Adapter> <Opcode : 'read' 'write' 'readreq' 'writereq' 'writeresp'>
ST_4 : Operation 87 [1/1] (4.86ns)   --->   "%write_ln240 = write void @_ssdm_op_Write.m_axi.i32P1A, i32 %gmem_addr_1, i32 %p_read_1, i4 15" [/mnt/castor/seas_home/a/abdellah/Documents/ese5320_final_project/hls/lzw_hls.cpp:240]   --->   Operation 87 'write' 'write_ln240' <Predicate = true> <Delay = 4.86> <CoreInst = "m_axi">   --->   Core 121 'm_axi' <Latency = 6> <II = 1> <Delay = 1.00> <Adapter> <Opcode : 'read' 'write' 'readreq' 'writereq' 'writeresp'>

State 5 <SV = 4> <Delay = 4.86>
ST_5 : Operation 88 [67/68] (4.86ns)   --->   "%gmem_addr_resp = writeresp i1 @_ssdm_op_WriteResp.m_axi.i32P1A, i32 %gmem_addr" [/mnt/castor/seas_home/a/abdellah/Documents/ese5320_final_project/hls/lzw_hls.cpp:239]   --->   Operation 88 'writeresp' 'gmem_addr_resp' <Predicate = true> <Delay = 4.86> <CoreInst = "m_axi">   --->   Core 121 'm_axi' <Latency = 6> <II = 1> <Delay = 1.00> <Adapter> <Opcode : 'read' 'write' 'readreq' 'writereq' 'writeresp'>
ST_5 : Operation 89 [68/68] (4.86ns)   --->   "%gmem_addr_1_resp = writeresp i1 @_ssdm_op_WriteResp.m_axi.i32P1A, i32 %gmem_addr_1" [/mnt/castor/seas_home/a/abdellah/Documents/ese5320_final_project/hls/lzw_hls.cpp:240]   --->   Operation 89 'writeresp' 'gmem_addr_1_resp' <Predicate = true> <Delay = 4.86> <CoreInst = "m_axi">   --->   Core 121 'm_axi' <Latency = 6> <II = 1> <Delay = 1.00> <Adapter> <Opcode : 'read' 'write' 'readreq' 'writereq' 'writeresp'>

State 6 <SV = 5> <Delay = 4.86>
ST_6 : Operation 90 [66/68] (4.86ns)   --->   "%gmem_addr_resp = writeresp i1 @_ssdm_op_WriteResp.m_axi.i32P1A, i32 %gmem_addr" [/mnt/castor/seas_home/a/abdellah/Documents/ese5320_final_project/hls/lzw_hls.cpp:239]   --->   Operation 90 'writeresp' 'gmem_addr_resp' <Predicate = true> <Delay = 4.86> <CoreInst = "m_axi">   --->   Core 121 'm_axi' <Latency = 6> <II = 1> <Delay = 1.00> <Adapter> <Opcode : 'read' 'write' 'readreq' 'writereq' 'writeresp'>
ST_6 : Operation 91 [67/68] (4.86ns)   --->   "%gmem_addr_1_resp = writeresp i1 @_ssdm_op_WriteResp.m_axi.i32P1A, i32 %gmem_addr_1" [/mnt/castor/seas_home/a/abdellah/Documents/ese5320_final_project/hls/lzw_hls.cpp:240]   --->   Operation 91 'writeresp' 'gmem_addr_1_resp' <Predicate = true> <Delay = 4.86> <CoreInst = "m_axi">   --->   Core 121 'm_axi' <Latency = 6> <II = 1> <Delay = 1.00> <Adapter> <Opcode : 'read' 'write' 'readreq' 'writereq' 'writeresp'>

State 7 <SV = 6> <Delay = 4.86>
ST_7 : Operation 92 [65/68] (4.86ns)   --->   "%gmem_addr_resp = writeresp i1 @_ssdm_op_WriteResp.m_axi.i32P1A, i32 %gmem_addr" [/mnt/castor/seas_home/a/abdellah/Documents/ese5320_final_project/hls/lzw_hls.cpp:239]   --->   Operation 92 'writeresp' 'gmem_addr_resp' <Predicate = true> <Delay = 4.86> <CoreInst = "m_axi">   --->   Core 121 'm_axi' <Latency = 6> <II = 1> <Delay = 1.00> <Adapter> <Opcode : 'read' 'write' 'readreq' 'writereq' 'writeresp'>
ST_7 : Operation 93 [66/68] (4.86ns)   --->   "%gmem_addr_1_resp = writeresp i1 @_ssdm_op_WriteResp.m_axi.i32P1A, i32 %gmem_addr_1" [/mnt/castor/seas_home/a/abdellah/Documents/ese5320_final_project/hls/lzw_hls.cpp:240]   --->   Operation 93 'writeresp' 'gmem_addr_1_resp' <Predicate = true> <Delay = 4.86> <CoreInst = "m_axi">   --->   Core 121 'm_axi' <Latency = 6> <II = 1> <Delay = 1.00> <Adapter> <Opcode : 'read' 'write' 'readreq' 'writereq' 'writeresp'>

State 8 <SV = 7> <Delay = 4.86>
ST_8 : Operation 94 [64/68] (4.86ns)   --->   "%gmem_addr_resp = writeresp i1 @_ssdm_op_WriteResp.m_axi.i32P1A, i32 %gmem_addr" [/mnt/castor/seas_home/a/abdellah/Documents/ese5320_final_project/hls/lzw_hls.cpp:239]   --->   Operation 94 'writeresp' 'gmem_addr_resp' <Predicate = true> <Delay = 4.86> <CoreInst = "m_axi">   --->   Core 121 'm_axi' <Latency = 6> <II = 1> <Delay = 1.00> <Adapter> <Opcode : 'read' 'write' 'readreq' 'writereq' 'writeresp'>
ST_8 : Operation 95 [65/68] (4.86ns)   --->   "%gmem_addr_1_resp = writeresp i1 @_ssdm_op_WriteResp.m_axi.i32P1A, i32 %gmem_addr_1" [/mnt/castor/seas_home/a/abdellah/Documents/ese5320_final_project/hls/lzw_hls.cpp:240]   --->   Operation 95 'writeresp' 'gmem_addr_1_resp' <Predicate = true> <Delay = 4.86> <CoreInst = "m_axi">   --->   Core 121 'm_axi' <Latency = 6> <II = 1> <Delay = 1.00> <Adapter> <Opcode : 'read' 'write' 'readreq' 'writereq' 'writeresp'>

State 9 <SV = 8> <Delay = 4.86>
ST_9 : Operation 96 [63/68] (4.86ns)   --->   "%gmem_addr_resp = writeresp i1 @_ssdm_op_WriteResp.m_axi.i32P1A, i32 %gmem_addr" [/mnt/castor/seas_home/a/abdellah/Documents/ese5320_final_project/hls/lzw_hls.cpp:239]   --->   Operation 96 'writeresp' 'gmem_addr_resp' <Predicate = true> <Delay = 4.86> <CoreInst = "m_axi">   --->   Core 121 'm_axi' <Latency = 6> <II = 1> <Delay = 1.00> <Adapter> <Opcode : 'read' 'write' 'readreq' 'writereq' 'writeresp'>
ST_9 : Operation 97 [64/68] (4.86ns)   --->   "%gmem_addr_1_resp = writeresp i1 @_ssdm_op_WriteResp.m_axi.i32P1A, i32 %gmem_addr_1" [/mnt/castor/seas_home/a/abdellah/Documents/ese5320_final_project/hls/lzw_hls.cpp:240]   --->   Operation 97 'writeresp' 'gmem_addr_1_resp' <Predicate = true> <Delay = 4.86> <CoreInst = "m_axi">   --->   Core 121 'm_axi' <Latency = 6> <II = 1> <Delay = 1.00> <Adapter> <Opcode : 'read' 'write' 'readreq' 'writereq' 'writeresp'>

State 10 <SV = 9> <Delay = 4.86>
ST_10 : Operation 98 [62/68] (4.86ns)   --->   "%gmem_addr_resp = writeresp i1 @_ssdm_op_WriteResp.m_axi.i32P1A, i32 %gmem_addr" [/mnt/castor/seas_home/a/abdellah/Documents/ese5320_final_project/hls/lzw_hls.cpp:239]   --->   Operation 98 'writeresp' 'gmem_addr_resp' <Predicate = true> <Delay = 4.86> <CoreInst = "m_axi">   --->   Core 121 'm_axi' <Latency = 6> <II = 1> <Delay = 1.00> <Adapter> <Opcode : 'read' 'write' 'readreq' 'writereq' 'writeresp'>
ST_10 : Operation 99 [63/68] (4.86ns)   --->   "%gmem_addr_1_resp = writeresp i1 @_ssdm_op_WriteResp.m_axi.i32P1A, i32 %gmem_addr_1" [/mnt/castor/seas_home/a/abdellah/Documents/ese5320_final_project/hls/lzw_hls.cpp:240]   --->   Operation 99 'writeresp' 'gmem_addr_1_resp' <Predicate = true> <Delay = 4.86> <CoreInst = "m_axi">   --->   Core 121 'm_axi' <Latency = 6> <II = 1> <Delay = 1.00> <Adapter> <Opcode : 'read' 'write' 'readreq' 'writereq' 'writeresp'>

State 11 <SV = 10> <Delay = 4.86>
ST_11 : Operation 100 [61/68] (4.86ns)   --->   "%gmem_addr_resp = writeresp i1 @_ssdm_op_WriteResp.m_axi.i32P1A, i32 %gmem_addr" [/mnt/castor/seas_home/a/abdellah/Documents/ese5320_final_project/hls/lzw_hls.cpp:239]   --->   Operation 100 'writeresp' 'gmem_addr_resp' <Predicate = true> <Delay = 4.86> <CoreInst = "m_axi">   --->   Core 121 'm_axi' <Latency = 6> <II = 1> <Delay = 1.00> <Adapter> <Opcode : 'read' 'write' 'readreq' 'writereq' 'writeresp'>
ST_11 : Operation 101 [62/68] (4.86ns)   --->   "%gmem_addr_1_resp = writeresp i1 @_ssdm_op_WriteResp.m_axi.i32P1A, i32 %gmem_addr_1" [/mnt/castor/seas_home/a/abdellah/Documents/ese5320_final_project/hls/lzw_hls.cpp:240]   --->   Operation 101 'writeresp' 'gmem_addr_1_resp' <Predicate = true> <Delay = 4.86> <CoreInst = "m_axi">   --->   Core 121 'm_axi' <Latency = 6> <II = 1> <Delay = 1.00> <Adapter> <Opcode : 'read' 'write' 'readreq' 'writereq' 'writeresp'>

State 12 <SV = 11> <Delay = 4.86>
ST_12 : Operation 102 [60/68] (4.86ns)   --->   "%gmem_addr_resp = writeresp i1 @_ssdm_op_WriteResp.m_axi.i32P1A, i32 %gmem_addr" [/mnt/castor/seas_home/a/abdellah/Documents/ese5320_final_project/hls/lzw_hls.cpp:239]   --->   Operation 102 'writeresp' 'gmem_addr_resp' <Predicate = true> <Delay = 4.86> <CoreInst = "m_axi">   --->   Core 121 'm_axi' <Latency = 6> <II = 1> <Delay = 1.00> <Adapter> <Opcode : 'read' 'write' 'readreq' 'writereq' 'writeresp'>
ST_12 : Operation 103 [61/68] (4.86ns)   --->   "%gmem_addr_1_resp = writeresp i1 @_ssdm_op_WriteResp.m_axi.i32P1A, i32 %gmem_addr_1" [/mnt/castor/seas_home/a/abdellah/Documents/ese5320_final_project/hls/lzw_hls.cpp:240]   --->   Operation 103 'writeresp' 'gmem_addr_1_resp' <Predicate = true> <Delay = 4.86> <CoreInst = "m_axi">   --->   Core 121 'm_axi' <Latency = 6> <II = 1> <Delay = 1.00> <Adapter> <Opcode : 'read' 'write' 'readreq' 'writereq' 'writeresp'>

State 13 <SV = 12> <Delay = 4.86>
ST_13 : Operation 104 [59/68] (4.86ns)   --->   "%gmem_addr_resp = writeresp i1 @_ssdm_op_WriteResp.m_axi.i32P1A, i32 %gmem_addr" [/mnt/castor/seas_home/a/abdellah/Documents/ese5320_final_project/hls/lzw_hls.cpp:239]   --->   Operation 104 'writeresp' 'gmem_addr_resp' <Predicate = true> <Delay = 4.86> <CoreInst = "m_axi">   --->   Core 121 'm_axi' <Latency = 6> <II = 1> <Delay = 1.00> <Adapter> <Opcode : 'read' 'write' 'readreq' 'writereq' 'writeresp'>
ST_13 : Operation 105 [60/68] (4.86ns)   --->   "%gmem_addr_1_resp = writeresp i1 @_ssdm_op_WriteResp.m_axi.i32P1A, i32 %gmem_addr_1" [/mnt/castor/seas_home/a/abdellah/Documents/ese5320_final_project/hls/lzw_hls.cpp:240]   --->   Operation 105 'writeresp' 'gmem_addr_1_resp' <Predicate = true> <Delay = 4.86> <CoreInst = "m_axi">   --->   Core 121 'm_axi' <Latency = 6> <II = 1> <Delay = 1.00> <Adapter> <Opcode : 'read' 'write' 'readreq' 'writereq' 'writeresp'>

State 14 <SV = 13> <Delay = 4.86>
ST_14 : Operation 106 [58/68] (4.86ns)   --->   "%gmem_addr_resp = writeresp i1 @_ssdm_op_WriteResp.m_axi.i32P1A, i32 %gmem_addr" [/mnt/castor/seas_home/a/abdellah/Documents/ese5320_final_project/hls/lzw_hls.cpp:239]   --->   Operation 106 'writeresp' 'gmem_addr_resp' <Predicate = true> <Delay = 4.86> <CoreInst = "m_axi">   --->   Core 121 'm_axi' <Latency = 6> <II = 1> <Delay = 1.00> <Adapter> <Opcode : 'read' 'write' 'readreq' 'writereq' 'writeresp'>
ST_14 : Operation 107 [59/68] (4.86ns)   --->   "%gmem_addr_1_resp = writeresp i1 @_ssdm_op_WriteResp.m_axi.i32P1A, i32 %gmem_addr_1" [/mnt/castor/seas_home/a/abdellah/Documents/ese5320_final_project/hls/lzw_hls.cpp:240]   --->   Operation 107 'writeresp' 'gmem_addr_1_resp' <Predicate = true> <Delay = 4.86> <CoreInst = "m_axi">   --->   Core 121 'm_axi' <Latency = 6> <II = 1> <Delay = 1.00> <Adapter> <Opcode : 'read' 'write' 'readreq' 'writereq' 'writeresp'>

State 15 <SV = 14> <Delay = 4.86>
ST_15 : Operation 108 [57/68] (4.86ns)   --->   "%gmem_addr_resp = writeresp i1 @_ssdm_op_WriteResp.m_axi.i32P1A, i32 %gmem_addr" [/mnt/castor/seas_home/a/abdellah/Documents/ese5320_final_project/hls/lzw_hls.cpp:239]   --->   Operation 108 'writeresp' 'gmem_addr_resp' <Predicate = true> <Delay = 4.86> <CoreInst = "m_axi">   --->   Core 121 'm_axi' <Latency = 6> <II = 1> <Delay = 1.00> <Adapter> <Opcode : 'read' 'write' 'readreq' 'writereq' 'writeresp'>
ST_15 : Operation 109 [58/68] (4.86ns)   --->   "%gmem_addr_1_resp = writeresp i1 @_ssdm_op_WriteResp.m_axi.i32P1A, i32 %gmem_addr_1" [/mnt/castor/seas_home/a/abdellah/Documents/ese5320_final_project/hls/lzw_hls.cpp:240]   --->   Operation 109 'writeresp' 'gmem_addr_1_resp' <Predicate = true> <Delay = 4.86> <CoreInst = "m_axi">   --->   Core 121 'm_axi' <Latency = 6> <II = 1> <Delay = 1.00> <Adapter> <Opcode : 'read' 'write' 'readreq' 'writereq' 'writeresp'>

State 16 <SV = 15> <Delay = 4.86>
ST_16 : Operation 110 [56/68] (4.86ns)   --->   "%gmem_addr_resp = writeresp i1 @_ssdm_op_WriteResp.m_axi.i32P1A, i32 %gmem_addr" [/mnt/castor/seas_home/a/abdellah/Documents/ese5320_final_project/hls/lzw_hls.cpp:239]   --->   Operation 110 'writeresp' 'gmem_addr_resp' <Predicate = true> <Delay = 4.86> <CoreInst = "m_axi">   --->   Core 121 'm_axi' <Latency = 6> <II = 1> <Delay = 1.00> <Adapter> <Opcode : 'read' 'write' 'readreq' 'writereq' 'writeresp'>
ST_16 : Operation 111 [57/68] (4.86ns)   --->   "%gmem_addr_1_resp = writeresp i1 @_ssdm_op_WriteResp.m_axi.i32P1A, i32 %gmem_addr_1" [/mnt/castor/seas_home/a/abdellah/Documents/ese5320_final_project/hls/lzw_hls.cpp:240]   --->   Operation 111 'writeresp' 'gmem_addr_1_resp' <Predicate = true> <Delay = 4.86> <CoreInst = "m_axi">   --->   Core 121 'm_axi' <Latency = 6> <II = 1> <Delay = 1.00> <Adapter> <Opcode : 'read' 'write' 'readreq' 'writereq' 'writeresp'>

State 17 <SV = 16> <Delay = 4.86>
ST_17 : Operation 112 [55/68] (4.86ns)   --->   "%gmem_addr_resp = writeresp i1 @_ssdm_op_WriteResp.m_axi.i32P1A, i32 %gmem_addr" [/mnt/castor/seas_home/a/abdellah/Documents/ese5320_final_project/hls/lzw_hls.cpp:239]   --->   Operation 112 'writeresp' 'gmem_addr_resp' <Predicate = true> <Delay = 4.86> <CoreInst = "m_axi">   --->   Core 121 'm_axi' <Latency = 6> <II = 1> <Delay = 1.00> <Adapter> <Opcode : 'read' 'write' 'readreq' 'writereq' 'writeresp'>
ST_17 : Operation 113 [56/68] (4.86ns)   --->   "%gmem_addr_1_resp = writeresp i1 @_ssdm_op_WriteResp.m_axi.i32P1A, i32 %gmem_addr_1" [/mnt/castor/seas_home/a/abdellah/Documents/ese5320_final_project/hls/lzw_hls.cpp:240]   --->   Operation 113 'writeresp' 'gmem_addr_1_resp' <Predicate = true> <Delay = 4.86> <CoreInst = "m_axi">   --->   Core 121 'm_axi' <Latency = 6> <II = 1> <Delay = 1.00> <Adapter> <Opcode : 'read' 'write' 'readreq' 'writereq' 'writeresp'>

State 18 <SV = 17> <Delay = 4.86>
ST_18 : Operation 114 [54/68] (4.86ns)   --->   "%gmem_addr_resp = writeresp i1 @_ssdm_op_WriteResp.m_axi.i32P1A, i32 %gmem_addr" [/mnt/castor/seas_home/a/abdellah/Documents/ese5320_final_project/hls/lzw_hls.cpp:239]   --->   Operation 114 'writeresp' 'gmem_addr_resp' <Predicate = true> <Delay = 4.86> <CoreInst = "m_axi">   --->   Core 121 'm_axi' <Latency = 6> <II = 1> <Delay = 1.00> <Adapter> <Opcode : 'read' 'write' 'readreq' 'writereq' 'writeresp'>
ST_18 : Operation 115 [55/68] (4.86ns)   --->   "%gmem_addr_1_resp = writeresp i1 @_ssdm_op_WriteResp.m_axi.i32P1A, i32 %gmem_addr_1" [/mnt/castor/seas_home/a/abdellah/Documents/ese5320_final_project/hls/lzw_hls.cpp:240]   --->   Operation 115 'writeresp' 'gmem_addr_1_resp' <Predicate = true> <Delay = 4.86> <CoreInst = "m_axi">   --->   Core 121 'm_axi' <Latency = 6> <II = 1> <Delay = 1.00> <Adapter> <Opcode : 'read' 'write' 'readreq' 'writereq' 'writeresp'>

State 19 <SV = 18> <Delay = 4.86>
ST_19 : Operation 116 [53/68] (4.86ns)   --->   "%gmem_addr_resp = writeresp i1 @_ssdm_op_WriteResp.m_axi.i32P1A, i32 %gmem_addr" [/mnt/castor/seas_home/a/abdellah/Documents/ese5320_final_project/hls/lzw_hls.cpp:239]   --->   Operation 116 'writeresp' 'gmem_addr_resp' <Predicate = true> <Delay = 4.86> <CoreInst = "m_axi">   --->   Core 121 'm_axi' <Latency = 6> <II = 1> <Delay = 1.00> <Adapter> <Opcode : 'read' 'write' 'readreq' 'writereq' 'writeresp'>
ST_19 : Operation 117 [54/68] (4.86ns)   --->   "%gmem_addr_1_resp = writeresp i1 @_ssdm_op_WriteResp.m_axi.i32P1A, i32 %gmem_addr_1" [/mnt/castor/seas_home/a/abdellah/Documents/ese5320_final_project/hls/lzw_hls.cpp:240]   --->   Operation 117 'writeresp' 'gmem_addr_1_resp' <Predicate = true> <Delay = 4.86> <CoreInst = "m_axi">   --->   Core 121 'm_axi' <Latency = 6> <II = 1> <Delay = 1.00> <Adapter> <Opcode : 'read' 'write' 'readreq' 'writereq' 'writeresp'>

State 20 <SV = 19> <Delay = 4.86>
ST_20 : Operation 118 [52/68] (4.86ns)   --->   "%gmem_addr_resp = writeresp i1 @_ssdm_op_WriteResp.m_axi.i32P1A, i32 %gmem_addr" [/mnt/castor/seas_home/a/abdellah/Documents/ese5320_final_project/hls/lzw_hls.cpp:239]   --->   Operation 118 'writeresp' 'gmem_addr_resp' <Predicate = true> <Delay = 4.86> <CoreInst = "m_axi">   --->   Core 121 'm_axi' <Latency = 6> <II = 1> <Delay = 1.00> <Adapter> <Opcode : 'read' 'write' 'readreq' 'writereq' 'writeresp'>
ST_20 : Operation 119 [53/68] (4.86ns)   --->   "%gmem_addr_1_resp = writeresp i1 @_ssdm_op_WriteResp.m_axi.i32P1A, i32 %gmem_addr_1" [/mnt/castor/seas_home/a/abdellah/Documents/ese5320_final_project/hls/lzw_hls.cpp:240]   --->   Operation 119 'writeresp' 'gmem_addr_1_resp' <Predicate = true> <Delay = 4.86> <CoreInst = "m_axi">   --->   Core 121 'm_axi' <Latency = 6> <II = 1> <Delay = 1.00> <Adapter> <Opcode : 'read' 'write' 'readreq' 'writereq' 'writeresp'>

State 21 <SV = 20> <Delay = 4.86>
ST_21 : Operation 120 [51/68] (4.86ns)   --->   "%gmem_addr_resp = writeresp i1 @_ssdm_op_WriteResp.m_axi.i32P1A, i32 %gmem_addr" [/mnt/castor/seas_home/a/abdellah/Documents/ese5320_final_project/hls/lzw_hls.cpp:239]   --->   Operation 120 'writeresp' 'gmem_addr_resp' <Predicate = true> <Delay = 4.86> <CoreInst = "m_axi">   --->   Core 121 'm_axi' <Latency = 6> <II = 1> <Delay = 1.00> <Adapter> <Opcode : 'read' 'write' 'readreq' 'writereq' 'writeresp'>
ST_21 : Operation 121 [52/68] (4.86ns)   --->   "%gmem_addr_1_resp = writeresp i1 @_ssdm_op_WriteResp.m_axi.i32P1A, i32 %gmem_addr_1" [/mnt/castor/seas_home/a/abdellah/Documents/ese5320_final_project/hls/lzw_hls.cpp:240]   --->   Operation 121 'writeresp' 'gmem_addr_1_resp' <Predicate = true> <Delay = 4.86> <CoreInst = "m_axi">   --->   Core 121 'm_axi' <Latency = 6> <II = 1> <Delay = 1.00> <Adapter> <Opcode : 'read' 'write' 'readreq' 'writereq' 'writeresp'>

State 22 <SV = 21> <Delay = 4.86>
ST_22 : Operation 122 [50/68] (4.86ns)   --->   "%gmem_addr_resp = writeresp i1 @_ssdm_op_WriteResp.m_axi.i32P1A, i32 %gmem_addr" [/mnt/castor/seas_home/a/abdellah/Documents/ese5320_final_project/hls/lzw_hls.cpp:239]   --->   Operation 122 'writeresp' 'gmem_addr_resp' <Predicate = true> <Delay = 4.86> <CoreInst = "m_axi">   --->   Core 121 'm_axi' <Latency = 6> <II = 1> <Delay = 1.00> <Adapter> <Opcode : 'read' 'write' 'readreq' 'writereq' 'writeresp'>
ST_22 : Operation 123 [51/68] (4.86ns)   --->   "%gmem_addr_1_resp = writeresp i1 @_ssdm_op_WriteResp.m_axi.i32P1A, i32 %gmem_addr_1" [/mnt/castor/seas_home/a/abdellah/Documents/ese5320_final_project/hls/lzw_hls.cpp:240]   --->   Operation 123 'writeresp' 'gmem_addr_1_resp' <Predicate = true> <Delay = 4.86> <CoreInst = "m_axi">   --->   Core 121 'm_axi' <Latency = 6> <II = 1> <Delay = 1.00> <Adapter> <Opcode : 'read' 'write' 'readreq' 'writereq' 'writeresp'>

State 23 <SV = 22> <Delay = 4.86>
ST_23 : Operation 124 [49/68] (4.86ns)   --->   "%gmem_addr_resp = writeresp i1 @_ssdm_op_WriteResp.m_axi.i32P1A, i32 %gmem_addr" [/mnt/castor/seas_home/a/abdellah/Documents/ese5320_final_project/hls/lzw_hls.cpp:239]   --->   Operation 124 'writeresp' 'gmem_addr_resp' <Predicate = true> <Delay = 4.86> <CoreInst = "m_axi">   --->   Core 121 'm_axi' <Latency = 6> <II = 1> <Delay = 1.00> <Adapter> <Opcode : 'read' 'write' 'readreq' 'writereq' 'writeresp'>
ST_23 : Operation 125 [50/68] (4.86ns)   --->   "%gmem_addr_1_resp = writeresp i1 @_ssdm_op_WriteResp.m_axi.i32P1A, i32 %gmem_addr_1" [/mnt/castor/seas_home/a/abdellah/Documents/ese5320_final_project/hls/lzw_hls.cpp:240]   --->   Operation 125 'writeresp' 'gmem_addr_1_resp' <Predicate = true> <Delay = 4.86> <CoreInst = "m_axi">   --->   Core 121 'm_axi' <Latency = 6> <II = 1> <Delay = 1.00> <Adapter> <Opcode : 'read' 'write' 'readreq' 'writereq' 'writeresp'>

State 24 <SV = 23> <Delay = 4.86>
ST_24 : Operation 126 [48/68] (4.86ns)   --->   "%gmem_addr_resp = writeresp i1 @_ssdm_op_WriteResp.m_axi.i32P1A, i32 %gmem_addr" [/mnt/castor/seas_home/a/abdellah/Documents/ese5320_final_project/hls/lzw_hls.cpp:239]   --->   Operation 126 'writeresp' 'gmem_addr_resp' <Predicate = true> <Delay = 4.86> <CoreInst = "m_axi">   --->   Core 121 'm_axi' <Latency = 6> <II = 1> <Delay = 1.00> <Adapter> <Opcode : 'read' 'write' 'readreq' 'writereq' 'writeresp'>
ST_24 : Operation 127 [49/68] (4.86ns)   --->   "%gmem_addr_1_resp = writeresp i1 @_ssdm_op_WriteResp.m_axi.i32P1A, i32 %gmem_addr_1" [/mnt/castor/seas_home/a/abdellah/Documents/ese5320_final_project/hls/lzw_hls.cpp:240]   --->   Operation 127 'writeresp' 'gmem_addr_1_resp' <Predicate = true> <Delay = 4.86> <CoreInst = "m_axi">   --->   Core 121 'm_axi' <Latency = 6> <II = 1> <Delay = 1.00> <Adapter> <Opcode : 'read' 'write' 'readreq' 'writereq' 'writeresp'>

State 25 <SV = 24> <Delay = 4.86>
ST_25 : Operation 128 [47/68] (4.86ns)   --->   "%gmem_addr_resp = writeresp i1 @_ssdm_op_WriteResp.m_axi.i32P1A, i32 %gmem_addr" [/mnt/castor/seas_home/a/abdellah/Documents/ese5320_final_project/hls/lzw_hls.cpp:239]   --->   Operation 128 'writeresp' 'gmem_addr_resp' <Predicate = true> <Delay = 4.86> <CoreInst = "m_axi">   --->   Core 121 'm_axi' <Latency = 6> <II = 1> <Delay = 1.00> <Adapter> <Opcode : 'read' 'write' 'readreq' 'writereq' 'writeresp'>
ST_25 : Operation 129 [48/68] (4.86ns)   --->   "%gmem_addr_1_resp = writeresp i1 @_ssdm_op_WriteResp.m_axi.i32P1A, i32 %gmem_addr_1" [/mnt/castor/seas_home/a/abdellah/Documents/ese5320_final_project/hls/lzw_hls.cpp:240]   --->   Operation 129 'writeresp' 'gmem_addr_1_resp' <Predicate = true> <Delay = 4.86> <CoreInst = "m_axi">   --->   Core 121 'm_axi' <Latency = 6> <II = 1> <Delay = 1.00> <Adapter> <Opcode : 'read' 'write' 'readreq' 'writereq' 'writeresp'>

State 26 <SV = 25> <Delay = 4.86>
ST_26 : Operation 130 [46/68] (4.86ns)   --->   "%gmem_addr_resp = writeresp i1 @_ssdm_op_WriteResp.m_axi.i32P1A, i32 %gmem_addr" [/mnt/castor/seas_home/a/abdellah/Documents/ese5320_final_project/hls/lzw_hls.cpp:239]   --->   Operation 130 'writeresp' 'gmem_addr_resp' <Predicate = true> <Delay = 4.86> <CoreInst = "m_axi">   --->   Core 121 'm_axi' <Latency = 6> <II = 1> <Delay = 1.00> <Adapter> <Opcode : 'read' 'write' 'readreq' 'writereq' 'writeresp'>
ST_26 : Operation 131 [47/68] (4.86ns)   --->   "%gmem_addr_1_resp = writeresp i1 @_ssdm_op_WriteResp.m_axi.i32P1A, i32 %gmem_addr_1" [/mnt/castor/seas_home/a/abdellah/Documents/ese5320_final_project/hls/lzw_hls.cpp:240]   --->   Operation 131 'writeresp' 'gmem_addr_1_resp' <Predicate = true> <Delay = 4.86> <CoreInst = "m_axi">   --->   Core 121 'm_axi' <Latency = 6> <II = 1> <Delay = 1.00> <Adapter> <Opcode : 'read' 'write' 'readreq' 'writereq' 'writeresp'>

State 27 <SV = 26> <Delay = 4.86>
ST_27 : Operation 132 [45/68] (4.86ns)   --->   "%gmem_addr_resp = writeresp i1 @_ssdm_op_WriteResp.m_axi.i32P1A, i32 %gmem_addr" [/mnt/castor/seas_home/a/abdellah/Documents/ese5320_final_project/hls/lzw_hls.cpp:239]   --->   Operation 132 'writeresp' 'gmem_addr_resp' <Predicate = true> <Delay = 4.86> <CoreInst = "m_axi">   --->   Core 121 'm_axi' <Latency = 6> <II = 1> <Delay = 1.00> <Adapter> <Opcode : 'read' 'write' 'readreq' 'writereq' 'writeresp'>
ST_27 : Operation 133 [46/68] (4.86ns)   --->   "%gmem_addr_1_resp = writeresp i1 @_ssdm_op_WriteResp.m_axi.i32P1A, i32 %gmem_addr_1" [/mnt/castor/seas_home/a/abdellah/Documents/ese5320_final_project/hls/lzw_hls.cpp:240]   --->   Operation 133 'writeresp' 'gmem_addr_1_resp' <Predicate = true> <Delay = 4.86> <CoreInst = "m_axi">   --->   Core 121 'm_axi' <Latency = 6> <II = 1> <Delay = 1.00> <Adapter> <Opcode : 'read' 'write' 'readreq' 'writereq' 'writeresp'>

State 28 <SV = 27> <Delay = 4.86>
ST_28 : Operation 134 [44/68] (4.86ns)   --->   "%gmem_addr_resp = writeresp i1 @_ssdm_op_WriteResp.m_axi.i32P1A, i32 %gmem_addr" [/mnt/castor/seas_home/a/abdellah/Documents/ese5320_final_project/hls/lzw_hls.cpp:239]   --->   Operation 134 'writeresp' 'gmem_addr_resp' <Predicate = true> <Delay = 4.86> <CoreInst = "m_axi">   --->   Core 121 'm_axi' <Latency = 6> <II = 1> <Delay = 1.00> <Adapter> <Opcode : 'read' 'write' 'readreq' 'writereq' 'writeresp'>
ST_28 : Operation 135 [45/68] (4.86ns)   --->   "%gmem_addr_1_resp = writeresp i1 @_ssdm_op_WriteResp.m_axi.i32P1A, i32 %gmem_addr_1" [/mnt/castor/seas_home/a/abdellah/Documents/ese5320_final_project/hls/lzw_hls.cpp:240]   --->   Operation 135 'writeresp' 'gmem_addr_1_resp' <Predicate = true> <Delay = 4.86> <CoreInst = "m_axi">   --->   Core 121 'm_axi' <Latency = 6> <II = 1> <Delay = 1.00> <Adapter> <Opcode : 'read' 'write' 'readreq' 'writereq' 'writeresp'>

State 29 <SV = 28> <Delay = 4.86>
ST_29 : Operation 136 [43/68] (4.86ns)   --->   "%gmem_addr_resp = writeresp i1 @_ssdm_op_WriteResp.m_axi.i32P1A, i32 %gmem_addr" [/mnt/castor/seas_home/a/abdellah/Documents/ese5320_final_project/hls/lzw_hls.cpp:239]   --->   Operation 136 'writeresp' 'gmem_addr_resp' <Predicate = true> <Delay = 4.86> <CoreInst = "m_axi">   --->   Core 121 'm_axi' <Latency = 6> <II = 1> <Delay = 1.00> <Adapter> <Opcode : 'read' 'write' 'readreq' 'writereq' 'writeresp'>
ST_29 : Operation 137 [44/68] (4.86ns)   --->   "%gmem_addr_1_resp = writeresp i1 @_ssdm_op_WriteResp.m_axi.i32P1A, i32 %gmem_addr_1" [/mnt/castor/seas_home/a/abdellah/Documents/ese5320_final_project/hls/lzw_hls.cpp:240]   --->   Operation 137 'writeresp' 'gmem_addr_1_resp' <Predicate = true> <Delay = 4.86> <CoreInst = "m_axi">   --->   Core 121 'm_axi' <Latency = 6> <II = 1> <Delay = 1.00> <Adapter> <Opcode : 'read' 'write' 'readreq' 'writereq' 'writeresp'>

State 30 <SV = 29> <Delay = 4.86>
ST_30 : Operation 138 [42/68] (4.86ns)   --->   "%gmem_addr_resp = writeresp i1 @_ssdm_op_WriteResp.m_axi.i32P1A, i32 %gmem_addr" [/mnt/castor/seas_home/a/abdellah/Documents/ese5320_final_project/hls/lzw_hls.cpp:239]   --->   Operation 138 'writeresp' 'gmem_addr_resp' <Predicate = true> <Delay = 4.86> <CoreInst = "m_axi">   --->   Core 121 'm_axi' <Latency = 6> <II = 1> <Delay = 1.00> <Adapter> <Opcode : 'read' 'write' 'readreq' 'writereq' 'writeresp'>
ST_30 : Operation 139 [43/68] (4.86ns)   --->   "%gmem_addr_1_resp = writeresp i1 @_ssdm_op_WriteResp.m_axi.i32P1A, i32 %gmem_addr_1" [/mnt/castor/seas_home/a/abdellah/Documents/ese5320_final_project/hls/lzw_hls.cpp:240]   --->   Operation 139 'writeresp' 'gmem_addr_1_resp' <Predicate = true> <Delay = 4.86> <CoreInst = "m_axi">   --->   Core 121 'm_axi' <Latency = 6> <II = 1> <Delay = 1.00> <Adapter> <Opcode : 'read' 'write' 'readreq' 'writereq' 'writeresp'>

State 31 <SV = 30> <Delay = 4.86>
ST_31 : Operation 140 [41/68] (4.86ns)   --->   "%gmem_addr_resp = writeresp i1 @_ssdm_op_WriteResp.m_axi.i32P1A, i32 %gmem_addr" [/mnt/castor/seas_home/a/abdellah/Documents/ese5320_final_project/hls/lzw_hls.cpp:239]   --->   Operation 140 'writeresp' 'gmem_addr_resp' <Predicate = true> <Delay = 4.86> <CoreInst = "m_axi">   --->   Core 121 'm_axi' <Latency = 6> <II = 1> <Delay = 1.00> <Adapter> <Opcode : 'read' 'write' 'readreq' 'writereq' 'writeresp'>
ST_31 : Operation 141 [42/68] (4.86ns)   --->   "%gmem_addr_1_resp = writeresp i1 @_ssdm_op_WriteResp.m_axi.i32P1A, i32 %gmem_addr_1" [/mnt/castor/seas_home/a/abdellah/Documents/ese5320_final_project/hls/lzw_hls.cpp:240]   --->   Operation 141 'writeresp' 'gmem_addr_1_resp' <Predicate = true> <Delay = 4.86> <CoreInst = "m_axi">   --->   Core 121 'm_axi' <Latency = 6> <II = 1> <Delay = 1.00> <Adapter> <Opcode : 'read' 'write' 'readreq' 'writereq' 'writeresp'>

State 32 <SV = 31> <Delay = 4.86>
ST_32 : Operation 142 [40/68] (4.86ns)   --->   "%gmem_addr_resp = writeresp i1 @_ssdm_op_WriteResp.m_axi.i32P1A, i32 %gmem_addr" [/mnt/castor/seas_home/a/abdellah/Documents/ese5320_final_project/hls/lzw_hls.cpp:239]   --->   Operation 142 'writeresp' 'gmem_addr_resp' <Predicate = true> <Delay = 4.86> <CoreInst = "m_axi">   --->   Core 121 'm_axi' <Latency = 6> <II = 1> <Delay = 1.00> <Adapter> <Opcode : 'read' 'write' 'readreq' 'writereq' 'writeresp'>
ST_32 : Operation 143 [41/68] (4.86ns)   --->   "%gmem_addr_1_resp = writeresp i1 @_ssdm_op_WriteResp.m_axi.i32P1A, i32 %gmem_addr_1" [/mnt/castor/seas_home/a/abdellah/Documents/ese5320_final_project/hls/lzw_hls.cpp:240]   --->   Operation 143 'writeresp' 'gmem_addr_1_resp' <Predicate = true> <Delay = 4.86> <CoreInst = "m_axi">   --->   Core 121 'm_axi' <Latency = 6> <II = 1> <Delay = 1.00> <Adapter> <Opcode : 'read' 'write' 'readreq' 'writereq' 'writeresp'>

State 33 <SV = 32> <Delay = 4.86>
ST_33 : Operation 144 [39/68] (4.86ns)   --->   "%gmem_addr_resp = writeresp i1 @_ssdm_op_WriteResp.m_axi.i32P1A, i32 %gmem_addr" [/mnt/castor/seas_home/a/abdellah/Documents/ese5320_final_project/hls/lzw_hls.cpp:239]   --->   Operation 144 'writeresp' 'gmem_addr_resp' <Predicate = true> <Delay = 4.86> <CoreInst = "m_axi">   --->   Core 121 'm_axi' <Latency = 6> <II = 1> <Delay = 1.00> <Adapter> <Opcode : 'read' 'write' 'readreq' 'writereq' 'writeresp'>
ST_33 : Operation 145 [40/68] (4.86ns)   --->   "%gmem_addr_1_resp = writeresp i1 @_ssdm_op_WriteResp.m_axi.i32P1A, i32 %gmem_addr_1" [/mnt/castor/seas_home/a/abdellah/Documents/ese5320_final_project/hls/lzw_hls.cpp:240]   --->   Operation 145 'writeresp' 'gmem_addr_1_resp' <Predicate = true> <Delay = 4.86> <CoreInst = "m_axi">   --->   Core 121 'm_axi' <Latency = 6> <II = 1> <Delay = 1.00> <Adapter> <Opcode : 'read' 'write' 'readreq' 'writereq' 'writeresp'>

State 34 <SV = 33> <Delay = 4.86>
ST_34 : Operation 146 [38/68] (4.86ns)   --->   "%gmem_addr_resp = writeresp i1 @_ssdm_op_WriteResp.m_axi.i32P1A, i32 %gmem_addr" [/mnt/castor/seas_home/a/abdellah/Documents/ese5320_final_project/hls/lzw_hls.cpp:239]   --->   Operation 146 'writeresp' 'gmem_addr_resp' <Predicate = true> <Delay = 4.86> <CoreInst = "m_axi">   --->   Core 121 'm_axi' <Latency = 6> <II = 1> <Delay = 1.00> <Adapter> <Opcode : 'read' 'write' 'readreq' 'writereq' 'writeresp'>
ST_34 : Operation 147 [39/68] (4.86ns)   --->   "%gmem_addr_1_resp = writeresp i1 @_ssdm_op_WriteResp.m_axi.i32P1A, i32 %gmem_addr_1" [/mnt/castor/seas_home/a/abdellah/Documents/ese5320_final_project/hls/lzw_hls.cpp:240]   --->   Operation 147 'writeresp' 'gmem_addr_1_resp' <Predicate = true> <Delay = 4.86> <CoreInst = "m_axi">   --->   Core 121 'm_axi' <Latency = 6> <II = 1> <Delay = 1.00> <Adapter> <Opcode : 'read' 'write' 'readreq' 'writereq' 'writeresp'>

State 35 <SV = 34> <Delay = 4.86>
ST_35 : Operation 148 [37/68] (4.86ns)   --->   "%gmem_addr_resp = writeresp i1 @_ssdm_op_WriteResp.m_axi.i32P1A, i32 %gmem_addr" [/mnt/castor/seas_home/a/abdellah/Documents/ese5320_final_project/hls/lzw_hls.cpp:239]   --->   Operation 148 'writeresp' 'gmem_addr_resp' <Predicate = true> <Delay = 4.86> <CoreInst = "m_axi">   --->   Core 121 'm_axi' <Latency = 6> <II = 1> <Delay = 1.00> <Adapter> <Opcode : 'read' 'write' 'readreq' 'writereq' 'writeresp'>
ST_35 : Operation 149 [38/68] (4.86ns)   --->   "%gmem_addr_1_resp = writeresp i1 @_ssdm_op_WriteResp.m_axi.i32P1A, i32 %gmem_addr_1" [/mnt/castor/seas_home/a/abdellah/Documents/ese5320_final_project/hls/lzw_hls.cpp:240]   --->   Operation 149 'writeresp' 'gmem_addr_1_resp' <Predicate = true> <Delay = 4.86> <CoreInst = "m_axi">   --->   Core 121 'm_axi' <Latency = 6> <II = 1> <Delay = 1.00> <Adapter> <Opcode : 'read' 'write' 'readreq' 'writereq' 'writeresp'>

State 36 <SV = 35> <Delay = 4.86>
ST_36 : Operation 150 [36/68] (4.86ns)   --->   "%gmem_addr_resp = writeresp i1 @_ssdm_op_WriteResp.m_axi.i32P1A, i32 %gmem_addr" [/mnt/castor/seas_home/a/abdellah/Documents/ese5320_final_project/hls/lzw_hls.cpp:239]   --->   Operation 150 'writeresp' 'gmem_addr_resp' <Predicate = true> <Delay = 4.86> <CoreInst = "m_axi">   --->   Core 121 'm_axi' <Latency = 6> <II = 1> <Delay = 1.00> <Adapter> <Opcode : 'read' 'write' 'readreq' 'writereq' 'writeresp'>
ST_36 : Operation 151 [37/68] (4.86ns)   --->   "%gmem_addr_1_resp = writeresp i1 @_ssdm_op_WriteResp.m_axi.i32P1A, i32 %gmem_addr_1" [/mnt/castor/seas_home/a/abdellah/Documents/ese5320_final_project/hls/lzw_hls.cpp:240]   --->   Operation 151 'writeresp' 'gmem_addr_1_resp' <Predicate = true> <Delay = 4.86> <CoreInst = "m_axi">   --->   Core 121 'm_axi' <Latency = 6> <II = 1> <Delay = 1.00> <Adapter> <Opcode : 'read' 'write' 'readreq' 'writereq' 'writeresp'>

State 37 <SV = 36> <Delay = 4.86>
ST_37 : Operation 152 [35/68] (4.86ns)   --->   "%gmem_addr_resp = writeresp i1 @_ssdm_op_WriteResp.m_axi.i32P1A, i32 %gmem_addr" [/mnt/castor/seas_home/a/abdellah/Documents/ese5320_final_project/hls/lzw_hls.cpp:239]   --->   Operation 152 'writeresp' 'gmem_addr_resp' <Predicate = true> <Delay = 4.86> <CoreInst = "m_axi">   --->   Core 121 'm_axi' <Latency = 6> <II = 1> <Delay = 1.00> <Adapter> <Opcode : 'read' 'write' 'readreq' 'writereq' 'writeresp'>
ST_37 : Operation 153 [36/68] (4.86ns)   --->   "%gmem_addr_1_resp = writeresp i1 @_ssdm_op_WriteResp.m_axi.i32P1A, i32 %gmem_addr_1" [/mnt/castor/seas_home/a/abdellah/Documents/ese5320_final_project/hls/lzw_hls.cpp:240]   --->   Operation 153 'writeresp' 'gmem_addr_1_resp' <Predicate = true> <Delay = 4.86> <CoreInst = "m_axi">   --->   Core 121 'm_axi' <Latency = 6> <II = 1> <Delay = 1.00> <Adapter> <Opcode : 'read' 'write' 'readreq' 'writereq' 'writeresp'>

State 38 <SV = 37> <Delay = 4.86>
ST_38 : Operation 154 [34/68] (4.86ns)   --->   "%gmem_addr_resp = writeresp i1 @_ssdm_op_WriteResp.m_axi.i32P1A, i32 %gmem_addr" [/mnt/castor/seas_home/a/abdellah/Documents/ese5320_final_project/hls/lzw_hls.cpp:239]   --->   Operation 154 'writeresp' 'gmem_addr_resp' <Predicate = true> <Delay = 4.86> <CoreInst = "m_axi">   --->   Core 121 'm_axi' <Latency = 6> <II = 1> <Delay = 1.00> <Adapter> <Opcode : 'read' 'write' 'readreq' 'writereq' 'writeresp'>
ST_38 : Operation 155 [35/68] (4.86ns)   --->   "%gmem_addr_1_resp = writeresp i1 @_ssdm_op_WriteResp.m_axi.i32P1A, i32 %gmem_addr_1" [/mnt/castor/seas_home/a/abdellah/Documents/ese5320_final_project/hls/lzw_hls.cpp:240]   --->   Operation 155 'writeresp' 'gmem_addr_1_resp' <Predicate = true> <Delay = 4.86> <CoreInst = "m_axi">   --->   Core 121 'm_axi' <Latency = 6> <II = 1> <Delay = 1.00> <Adapter> <Opcode : 'read' 'write' 'readreq' 'writereq' 'writeresp'>

State 39 <SV = 38> <Delay = 4.86>
ST_39 : Operation 156 [33/68] (4.86ns)   --->   "%gmem_addr_resp = writeresp i1 @_ssdm_op_WriteResp.m_axi.i32P1A, i32 %gmem_addr" [/mnt/castor/seas_home/a/abdellah/Documents/ese5320_final_project/hls/lzw_hls.cpp:239]   --->   Operation 156 'writeresp' 'gmem_addr_resp' <Predicate = true> <Delay = 4.86> <CoreInst = "m_axi">   --->   Core 121 'm_axi' <Latency = 6> <II = 1> <Delay = 1.00> <Adapter> <Opcode : 'read' 'write' 'readreq' 'writereq' 'writeresp'>
ST_39 : Operation 157 [34/68] (4.86ns)   --->   "%gmem_addr_1_resp = writeresp i1 @_ssdm_op_WriteResp.m_axi.i32P1A, i32 %gmem_addr_1" [/mnt/castor/seas_home/a/abdellah/Documents/ese5320_final_project/hls/lzw_hls.cpp:240]   --->   Operation 157 'writeresp' 'gmem_addr_1_resp' <Predicate = true> <Delay = 4.86> <CoreInst = "m_axi">   --->   Core 121 'm_axi' <Latency = 6> <II = 1> <Delay = 1.00> <Adapter> <Opcode : 'read' 'write' 'readreq' 'writereq' 'writeresp'>

State 40 <SV = 39> <Delay = 4.86>
ST_40 : Operation 158 [32/68] (4.86ns)   --->   "%gmem_addr_resp = writeresp i1 @_ssdm_op_WriteResp.m_axi.i32P1A, i32 %gmem_addr" [/mnt/castor/seas_home/a/abdellah/Documents/ese5320_final_project/hls/lzw_hls.cpp:239]   --->   Operation 158 'writeresp' 'gmem_addr_resp' <Predicate = true> <Delay = 4.86> <CoreInst = "m_axi">   --->   Core 121 'm_axi' <Latency = 6> <II = 1> <Delay = 1.00> <Adapter> <Opcode : 'read' 'write' 'readreq' 'writereq' 'writeresp'>
ST_40 : Operation 159 [33/68] (4.86ns)   --->   "%gmem_addr_1_resp = writeresp i1 @_ssdm_op_WriteResp.m_axi.i32P1A, i32 %gmem_addr_1" [/mnt/castor/seas_home/a/abdellah/Documents/ese5320_final_project/hls/lzw_hls.cpp:240]   --->   Operation 159 'writeresp' 'gmem_addr_1_resp' <Predicate = true> <Delay = 4.86> <CoreInst = "m_axi">   --->   Core 121 'm_axi' <Latency = 6> <II = 1> <Delay = 1.00> <Adapter> <Opcode : 'read' 'write' 'readreq' 'writereq' 'writeresp'>

State 41 <SV = 40> <Delay = 4.86>
ST_41 : Operation 160 [31/68] (4.86ns)   --->   "%gmem_addr_resp = writeresp i1 @_ssdm_op_WriteResp.m_axi.i32P1A, i32 %gmem_addr" [/mnt/castor/seas_home/a/abdellah/Documents/ese5320_final_project/hls/lzw_hls.cpp:239]   --->   Operation 160 'writeresp' 'gmem_addr_resp' <Predicate = true> <Delay = 4.86> <CoreInst = "m_axi">   --->   Core 121 'm_axi' <Latency = 6> <II = 1> <Delay = 1.00> <Adapter> <Opcode : 'read' 'write' 'readreq' 'writereq' 'writeresp'>
ST_41 : Operation 161 [32/68] (4.86ns)   --->   "%gmem_addr_1_resp = writeresp i1 @_ssdm_op_WriteResp.m_axi.i32P1A, i32 %gmem_addr_1" [/mnt/castor/seas_home/a/abdellah/Documents/ese5320_final_project/hls/lzw_hls.cpp:240]   --->   Operation 161 'writeresp' 'gmem_addr_1_resp' <Predicate = true> <Delay = 4.86> <CoreInst = "m_axi">   --->   Core 121 'm_axi' <Latency = 6> <II = 1> <Delay = 1.00> <Adapter> <Opcode : 'read' 'write' 'readreq' 'writereq' 'writeresp'>

State 42 <SV = 41> <Delay = 4.86>
ST_42 : Operation 162 [30/68] (4.86ns)   --->   "%gmem_addr_resp = writeresp i1 @_ssdm_op_WriteResp.m_axi.i32P1A, i32 %gmem_addr" [/mnt/castor/seas_home/a/abdellah/Documents/ese5320_final_project/hls/lzw_hls.cpp:239]   --->   Operation 162 'writeresp' 'gmem_addr_resp' <Predicate = true> <Delay = 4.86> <CoreInst = "m_axi">   --->   Core 121 'm_axi' <Latency = 6> <II = 1> <Delay = 1.00> <Adapter> <Opcode : 'read' 'write' 'readreq' 'writereq' 'writeresp'>
ST_42 : Operation 163 [31/68] (4.86ns)   --->   "%gmem_addr_1_resp = writeresp i1 @_ssdm_op_WriteResp.m_axi.i32P1A, i32 %gmem_addr_1" [/mnt/castor/seas_home/a/abdellah/Documents/ese5320_final_project/hls/lzw_hls.cpp:240]   --->   Operation 163 'writeresp' 'gmem_addr_1_resp' <Predicate = true> <Delay = 4.86> <CoreInst = "m_axi">   --->   Core 121 'm_axi' <Latency = 6> <II = 1> <Delay = 1.00> <Adapter> <Opcode : 'read' 'write' 'readreq' 'writereq' 'writeresp'>

State 43 <SV = 42> <Delay = 4.86>
ST_43 : Operation 164 [29/68] (4.86ns)   --->   "%gmem_addr_resp = writeresp i1 @_ssdm_op_WriteResp.m_axi.i32P1A, i32 %gmem_addr" [/mnt/castor/seas_home/a/abdellah/Documents/ese5320_final_project/hls/lzw_hls.cpp:239]   --->   Operation 164 'writeresp' 'gmem_addr_resp' <Predicate = true> <Delay = 4.86> <CoreInst = "m_axi">   --->   Core 121 'm_axi' <Latency = 6> <II = 1> <Delay = 1.00> <Adapter> <Opcode : 'read' 'write' 'readreq' 'writereq' 'writeresp'>
ST_43 : Operation 165 [30/68] (4.86ns)   --->   "%gmem_addr_1_resp = writeresp i1 @_ssdm_op_WriteResp.m_axi.i32P1A, i32 %gmem_addr_1" [/mnt/castor/seas_home/a/abdellah/Documents/ese5320_final_project/hls/lzw_hls.cpp:240]   --->   Operation 165 'writeresp' 'gmem_addr_1_resp' <Predicate = true> <Delay = 4.86> <CoreInst = "m_axi">   --->   Core 121 'm_axi' <Latency = 6> <II = 1> <Delay = 1.00> <Adapter> <Opcode : 'read' 'write' 'readreq' 'writereq' 'writeresp'>

State 44 <SV = 43> <Delay = 4.86>
ST_44 : Operation 166 [28/68] (4.86ns)   --->   "%gmem_addr_resp = writeresp i1 @_ssdm_op_WriteResp.m_axi.i32P1A, i32 %gmem_addr" [/mnt/castor/seas_home/a/abdellah/Documents/ese5320_final_project/hls/lzw_hls.cpp:239]   --->   Operation 166 'writeresp' 'gmem_addr_resp' <Predicate = true> <Delay = 4.86> <CoreInst = "m_axi">   --->   Core 121 'm_axi' <Latency = 6> <II = 1> <Delay = 1.00> <Adapter> <Opcode : 'read' 'write' 'readreq' 'writereq' 'writeresp'>
ST_44 : Operation 167 [29/68] (4.86ns)   --->   "%gmem_addr_1_resp = writeresp i1 @_ssdm_op_WriteResp.m_axi.i32P1A, i32 %gmem_addr_1" [/mnt/castor/seas_home/a/abdellah/Documents/ese5320_final_project/hls/lzw_hls.cpp:240]   --->   Operation 167 'writeresp' 'gmem_addr_1_resp' <Predicate = true> <Delay = 4.86> <CoreInst = "m_axi">   --->   Core 121 'm_axi' <Latency = 6> <II = 1> <Delay = 1.00> <Adapter> <Opcode : 'read' 'write' 'readreq' 'writereq' 'writeresp'>

State 45 <SV = 44> <Delay = 4.86>
ST_45 : Operation 168 [27/68] (4.86ns)   --->   "%gmem_addr_resp = writeresp i1 @_ssdm_op_WriteResp.m_axi.i32P1A, i32 %gmem_addr" [/mnt/castor/seas_home/a/abdellah/Documents/ese5320_final_project/hls/lzw_hls.cpp:239]   --->   Operation 168 'writeresp' 'gmem_addr_resp' <Predicate = true> <Delay = 4.86> <CoreInst = "m_axi">   --->   Core 121 'm_axi' <Latency = 6> <II = 1> <Delay = 1.00> <Adapter> <Opcode : 'read' 'write' 'readreq' 'writereq' 'writeresp'>
ST_45 : Operation 169 [28/68] (4.86ns)   --->   "%gmem_addr_1_resp = writeresp i1 @_ssdm_op_WriteResp.m_axi.i32P1A, i32 %gmem_addr_1" [/mnt/castor/seas_home/a/abdellah/Documents/ese5320_final_project/hls/lzw_hls.cpp:240]   --->   Operation 169 'writeresp' 'gmem_addr_1_resp' <Predicate = true> <Delay = 4.86> <CoreInst = "m_axi">   --->   Core 121 'm_axi' <Latency = 6> <II = 1> <Delay = 1.00> <Adapter> <Opcode : 'read' 'write' 'readreq' 'writereq' 'writeresp'>

State 46 <SV = 45> <Delay = 4.86>
ST_46 : Operation 170 [26/68] (4.86ns)   --->   "%gmem_addr_resp = writeresp i1 @_ssdm_op_WriteResp.m_axi.i32P1A, i32 %gmem_addr" [/mnt/castor/seas_home/a/abdellah/Documents/ese5320_final_project/hls/lzw_hls.cpp:239]   --->   Operation 170 'writeresp' 'gmem_addr_resp' <Predicate = true> <Delay = 4.86> <CoreInst = "m_axi">   --->   Core 121 'm_axi' <Latency = 6> <II = 1> <Delay = 1.00> <Adapter> <Opcode : 'read' 'write' 'readreq' 'writereq' 'writeresp'>
ST_46 : Operation 171 [27/68] (4.86ns)   --->   "%gmem_addr_1_resp = writeresp i1 @_ssdm_op_WriteResp.m_axi.i32P1A, i32 %gmem_addr_1" [/mnt/castor/seas_home/a/abdellah/Documents/ese5320_final_project/hls/lzw_hls.cpp:240]   --->   Operation 171 'writeresp' 'gmem_addr_1_resp' <Predicate = true> <Delay = 4.86> <CoreInst = "m_axi">   --->   Core 121 'm_axi' <Latency = 6> <II = 1> <Delay = 1.00> <Adapter> <Opcode : 'read' 'write' 'readreq' 'writereq' 'writeresp'>

State 47 <SV = 46> <Delay = 4.86>
ST_47 : Operation 172 [25/68] (4.86ns)   --->   "%gmem_addr_resp = writeresp i1 @_ssdm_op_WriteResp.m_axi.i32P1A, i32 %gmem_addr" [/mnt/castor/seas_home/a/abdellah/Documents/ese5320_final_project/hls/lzw_hls.cpp:239]   --->   Operation 172 'writeresp' 'gmem_addr_resp' <Predicate = true> <Delay = 4.86> <CoreInst = "m_axi">   --->   Core 121 'm_axi' <Latency = 6> <II = 1> <Delay = 1.00> <Adapter> <Opcode : 'read' 'write' 'readreq' 'writereq' 'writeresp'>
ST_47 : Operation 173 [26/68] (4.86ns)   --->   "%gmem_addr_1_resp = writeresp i1 @_ssdm_op_WriteResp.m_axi.i32P1A, i32 %gmem_addr_1" [/mnt/castor/seas_home/a/abdellah/Documents/ese5320_final_project/hls/lzw_hls.cpp:240]   --->   Operation 173 'writeresp' 'gmem_addr_1_resp' <Predicate = true> <Delay = 4.86> <CoreInst = "m_axi">   --->   Core 121 'm_axi' <Latency = 6> <II = 1> <Delay = 1.00> <Adapter> <Opcode : 'read' 'write' 'readreq' 'writereq' 'writeresp'>

State 48 <SV = 47> <Delay = 4.86>
ST_48 : Operation 174 [24/68] (4.86ns)   --->   "%gmem_addr_resp = writeresp i1 @_ssdm_op_WriteResp.m_axi.i32P1A, i32 %gmem_addr" [/mnt/castor/seas_home/a/abdellah/Documents/ese5320_final_project/hls/lzw_hls.cpp:239]   --->   Operation 174 'writeresp' 'gmem_addr_resp' <Predicate = true> <Delay = 4.86> <CoreInst = "m_axi">   --->   Core 121 'm_axi' <Latency = 6> <II = 1> <Delay = 1.00> <Adapter> <Opcode : 'read' 'write' 'readreq' 'writereq' 'writeresp'>
ST_48 : Operation 175 [25/68] (4.86ns)   --->   "%gmem_addr_1_resp = writeresp i1 @_ssdm_op_WriteResp.m_axi.i32P1A, i32 %gmem_addr_1" [/mnt/castor/seas_home/a/abdellah/Documents/ese5320_final_project/hls/lzw_hls.cpp:240]   --->   Operation 175 'writeresp' 'gmem_addr_1_resp' <Predicate = true> <Delay = 4.86> <CoreInst = "m_axi">   --->   Core 121 'm_axi' <Latency = 6> <II = 1> <Delay = 1.00> <Adapter> <Opcode : 'read' 'write' 'readreq' 'writereq' 'writeresp'>

State 49 <SV = 48> <Delay = 4.86>
ST_49 : Operation 176 [23/68] (4.86ns)   --->   "%gmem_addr_resp = writeresp i1 @_ssdm_op_WriteResp.m_axi.i32P1A, i32 %gmem_addr" [/mnt/castor/seas_home/a/abdellah/Documents/ese5320_final_project/hls/lzw_hls.cpp:239]   --->   Operation 176 'writeresp' 'gmem_addr_resp' <Predicate = true> <Delay = 4.86> <CoreInst = "m_axi">   --->   Core 121 'm_axi' <Latency = 6> <II = 1> <Delay = 1.00> <Adapter> <Opcode : 'read' 'write' 'readreq' 'writereq' 'writeresp'>
ST_49 : Operation 177 [24/68] (4.86ns)   --->   "%gmem_addr_1_resp = writeresp i1 @_ssdm_op_WriteResp.m_axi.i32P1A, i32 %gmem_addr_1" [/mnt/castor/seas_home/a/abdellah/Documents/ese5320_final_project/hls/lzw_hls.cpp:240]   --->   Operation 177 'writeresp' 'gmem_addr_1_resp' <Predicate = true> <Delay = 4.86> <CoreInst = "m_axi">   --->   Core 121 'm_axi' <Latency = 6> <II = 1> <Delay = 1.00> <Adapter> <Opcode : 'read' 'write' 'readreq' 'writereq' 'writeresp'>

State 50 <SV = 49> <Delay = 4.86>
ST_50 : Operation 178 [22/68] (4.86ns)   --->   "%gmem_addr_resp = writeresp i1 @_ssdm_op_WriteResp.m_axi.i32P1A, i32 %gmem_addr" [/mnt/castor/seas_home/a/abdellah/Documents/ese5320_final_project/hls/lzw_hls.cpp:239]   --->   Operation 178 'writeresp' 'gmem_addr_resp' <Predicate = true> <Delay = 4.86> <CoreInst = "m_axi">   --->   Core 121 'm_axi' <Latency = 6> <II = 1> <Delay = 1.00> <Adapter> <Opcode : 'read' 'write' 'readreq' 'writereq' 'writeresp'>
ST_50 : Operation 179 [23/68] (4.86ns)   --->   "%gmem_addr_1_resp = writeresp i1 @_ssdm_op_WriteResp.m_axi.i32P1A, i32 %gmem_addr_1" [/mnt/castor/seas_home/a/abdellah/Documents/ese5320_final_project/hls/lzw_hls.cpp:240]   --->   Operation 179 'writeresp' 'gmem_addr_1_resp' <Predicate = true> <Delay = 4.86> <CoreInst = "m_axi">   --->   Core 121 'm_axi' <Latency = 6> <II = 1> <Delay = 1.00> <Adapter> <Opcode : 'read' 'write' 'readreq' 'writereq' 'writeresp'>

State 51 <SV = 50> <Delay = 4.86>
ST_51 : Operation 180 [21/68] (4.86ns)   --->   "%gmem_addr_resp = writeresp i1 @_ssdm_op_WriteResp.m_axi.i32P1A, i32 %gmem_addr" [/mnt/castor/seas_home/a/abdellah/Documents/ese5320_final_project/hls/lzw_hls.cpp:239]   --->   Operation 180 'writeresp' 'gmem_addr_resp' <Predicate = true> <Delay = 4.86> <CoreInst = "m_axi">   --->   Core 121 'm_axi' <Latency = 6> <II = 1> <Delay = 1.00> <Adapter> <Opcode : 'read' 'write' 'readreq' 'writereq' 'writeresp'>
ST_51 : Operation 181 [22/68] (4.86ns)   --->   "%gmem_addr_1_resp = writeresp i1 @_ssdm_op_WriteResp.m_axi.i32P1A, i32 %gmem_addr_1" [/mnt/castor/seas_home/a/abdellah/Documents/ese5320_final_project/hls/lzw_hls.cpp:240]   --->   Operation 181 'writeresp' 'gmem_addr_1_resp' <Predicate = true> <Delay = 4.86> <CoreInst = "m_axi">   --->   Core 121 'm_axi' <Latency = 6> <II = 1> <Delay = 1.00> <Adapter> <Opcode : 'read' 'write' 'readreq' 'writereq' 'writeresp'>

State 52 <SV = 51> <Delay = 4.86>
ST_52 : Operation 182 [20/68] (4.86ns)   --->   "%gmem_addr_resp = writeresp i1 @_ssdm_op_WriteResp.m_axi.i32P1A, i32 %gmem_addr" [/mnt/castor/seas_home/a/abdellah/Documents/ese5320_final_project/hls/lzw_hls.cpp:239]   --->   Operation 182 'writeresp' 'gmem_addr_resp' <Predicate = true> <Delay = 4.86> <CoreInst = "m_axi">   --->   Core 121 'm_axi' <Latency = 6> <II = 1> <Delay = 1.00> <Adapter> <Opcode : 'read' 'write' 'readreq' 'writereq' 'writeresp'>
ST_52 : Operation 183 [21/68] (4.86ns)   --->   "%gmem_addr_1_resp = writeresp i1 @_ssdm_op_WriteResp.m_axi.i32P1A, i32 %gmem_addr_1" [/mnt/castor/seas_home/a/abdellah/Documents/ese5320_final_project/hls/lzw_hls.cpp:240]   --->   Operation 183 'writeresp' 'gmem_addr_1_resp' <Predicate = true> <Delay = 4.86> <CoreInst = "m_axi">   --->   Core 121 'm_axi' <Latency = 6> <II = 1> <Delay = 1.00> <Adapter> <Opcode : 'read' 'write' 'readreq' 'writereq' 'writeresp'>

State 53 <SV = 52> <Delay = 4.86>
ST_53 : Operation 184 [19/68] (4.86ns)   --->   "%gmem_addr_resp = writeresp i1 @_ssdm_op_WriteResp.m_axi.i32P1A, i32 %gmem_addr" [/mnt/castor/seas_home/a/abdellah/Documents/ese5320_final_project/hls/lzw_hls.cpp:239]   --->   Operation 184 'writeresp' 'gmem_addr_resp' <Predicate = true> <Delay = 4.86> <CoreInst = "m_axi">   --->   Core 121 'm_axi' <Latency = 6> <II = 1> <Delay = 1.00> <Adapter> <Opcode : 'read' 'write' 'readreq' 'writereq' 'writeresp'>
ST_53 : Operation 185 [20/68] (4.86ns)   --->   "%gmem_addr_1_resp = writeresp i1 @_ssdm_op_WriteResp.m_axi.i32P1A, i32 %gmem_addr_1" [/mnt/castor/seas_home/a/abdellah/Documents/ese5320_final_project/hls/lzw_hls.cpp:240]   --->   Operation 185 'writeresp' 'gmem_addr_1_resp' <Predicate = true> <Delay = 4.86> <CoreInst = "m_axi">   --->   Core 121 'm_axi' <Latency = 6> <II = 1> <Delay = 1.00> <Adapter> <Opcode : 'read' 'write' 'readreq' 'writereq' 'writeresp'>

State 54 <SV = 53> <Delay = 4.86>
ST_54 : Operation 186 [18/68] (4.86ns)   --->   "%gmem_addr_resp = writeresp i1 @_ssdm_op_WriteResp.m_axi.i32P1A, i32 %gmem_addr" [/mnt/castor/seas_home/a/abdellah/Documents/ese5320_final_project/hls/lzw_hls.cpp:239]   --->   Operation 186 'writeresp' 'gmem_addr_resp' <Predicate = true> <Delay = 4.86> <CoreInst = "m_axi">   --->   Core 121 'm_axi' <Latency = 6> <II = 1> <Delay = 1.00> <Adapter> <Opcode : 'read' 'write' 'readreq' 'writereq' 'writeresp'>
ST_54 : Operation 187 [19/68] (4.86ns)   --->   "%gmem_addr_1_resp = writeresp i1 @_ssdm_op_WriteResp.m_axi.i32P1A, i32 %gmem_addr_1" [/mnt/castor/seas_home/a/abdellah/Documents/ese5320_final_project/hls/lzw_hls.cpp:240]   --->   Operation 187 'writeresp' 'gmem_addr_1_resp' <Predicate = true> <Delay = 4.86> <CoreInst = "m_axi">   --->   Core 121 'm_axi' <Latency = 6> <II = 1> <Delay = 1.00> <Adapter> <Opcode : 'read' 'write' 'readreq' 'writereq' 'writeresp'>

State 55 <SV = 54> <Delay = 4.86>
ST_55 : Operation 188 [17/68] (4.86ns)   --->   "%gmem_addr_resp = writeresp i1 @_ssdm_op_WriteResp.m_axi.i32P1A, i32 %gmem_addr" [/mnt/castor/seas_home/a/abdellah/Documents/ese5320_final_project/hls/lzw_hls.cpp:239]   --->   Operation 188 'writeresp' 'gmem_addr_resp' <Predicate = true> <Delay = 4.86> <CoreInst = "m_axi">   --->   Core 121 'm_axi' <Latency = 6> <II = 1> <Delay = 1.00> <Adapter> <Opcode : 'read' 'write' 'readreq' 'writereq' 'writeresp'>
ST_55 : Operation 189 [18/68] (4.86ns)   --->   "%gmem_addr_1_resp = writeresp i1 @_ssdm_op_WriteResp.m_axi.i32P1A, i32 %gmem_addr_1" [/mnt/castor/seas_home/a/abdellah/Documents/ese5320_final_project/hls/lzw_hls.cpp:240]   --->   Operation 189 'writeresp' 'gmem_addr_1_resp' <Predicate = true> <Delay = 4.86> <CoreInst = "m_axi">   --->   Core 121 'm_axi' <Latency = 6> <II = 1> <Delay = 1.00> <Adapter> <Opcode : 'read' 'write' 'readreq' 'writereq' 'writeresp'>

State 56 <SV = 55> <Delay = 4.86>
ST_56 : Operation 190 [16/68] (4.86ns)   --->   "%gmem_addr_resp = writeresp i1 @_ssdm_op_WriteResp.m_axi.i32P1A, i32 %gmem_addr" [/mnt/castor/seas_home/a/abdellah/Documents/ese5320_final_project/hls/lzw_hls.cpp:239]   --->   Operation 190 'writeresp' 'gmem_addr_resp' <Predicate = true> <Delay = 4.86> <CoreInst = "m_axi">   --->   Core 121 'm_axi' <Latency = 6> <II = 1> <Delay = 1.00> <Adapter> <Opcode : 'read' 'write' 'readreq' 'writereq' 'writeresp'>
ST_56 : Operation 191 [17/68] (4.86ns)   --->   "%gmem_addr_1_resp = writeresp i1 @_ssdm_op_WriteResp.m_axi.i32P1A, i32 %gmem_addr_1" [/mnt/castor/seas_home/a/abdellah/Documents/ese5320_final_project/hls/lzw_hls.cpp:240]   --->   Operation 191 'writeresp' 'gmem_addr_1_resp' <Predicate = true> <Delay = 4.86> <CoreInst = "m_axi">   --->   Core 121 'm_axi' <Latency = 6> <II = 1> <Delay = 1.00> <Adapter> <Opcode : 'read' 'write' 'readreq' 'writereq' 'writeresp'>

State 57 <SV = 56> <Delay = 4.86>
ST_57 : Operation 192 [15/68] (4.86ns)   --->   "%gmem_addr_resp = writeresp i1 @_ssdm_op_WriteResp.m_axi.i32P1A, i32 %gmem_addr" [/mnt/castor/seas_home/a/abdellah/Documents/ese5320_final_project/hls/lzw_hls.cpp:239]   --->   Operation 192 'writeresp' 'gmem_addr_resp' <Predicate = true> <Delay = 4.86> <CoreInst = "m_axi">   --->   Core 121 'm_axi' <Latency = 6> <II = 1> <Delay = 1.00> <Adapter> <Opcode : 'read' 'write' 'readreq' 'writereq' 'writeresp'>
ST_57 : Operation 193 [16/68] (4.86ns)   --->   "%gmem_addr_1_resp = writeresp i1 @_ssdm_op_WriteResp.m_axi.i32P1A, i32 %gmem_addr_1" [/mnt/castor/seas_home/a/abdellah/Documents/ese5320_final_project/hls/lzw_hls.cpp:240]   --->   Operation 193 'writeresp' 'gmem_addr_1_resp' <Predicate = true> <Delay = 4.86> <CoreInst = "m_axi">   --->   Core 121 'm_axi' <Latency = 6> <II = 1> <Delay = 1.00> <Adapter> <Opcode : 'read' 'write' 'readreq' 'writereq' 'writeresp'>

State 58 <SV = 57> <Delay = 4.86>
ST_58 : Operation 194 [14/68] (4.86ns)   --->   "%gmem_addr_resp = writeresp i1 @_ssdm_op_WriteResp.m_axi.i32P1A, i32 %gmem_addr" [/mnt/castor/seas_home/a/abdellah/Documents/ese5320_final_project/hls/lzw_hls.cpp:239]   --->   Operation 194 'writeresp' 'gmem_addr_resp' <Predicate = true> <Delay = 4.86> <CoreInst = "m_axi">   --->   Core 121 'm_axi' <Latency = 6> <II = 1> <Delay = 1.00> <Adapter> <Opcode : 'read' 'write' 'readreq' 'writereq' 'writeresp'>
ST_58 : Operation 195 [15/68] (4.86ns)   --->   "%gmem_addr_1_resp = writeresp i1 @_ssdm_op_WriteResp.m_axi.i32P1A, i32 %gmem_addr_1" [/mnt/castor/seas_home/a/abdellah/Documents/ese5320_final_project/hls/lzw_hls.cpp:240]   --->   Operation 195 'writeresp' 'gmem_addr_1_resp' <Predicate = true> <Delay = 4.86> <CoreInst = "m_axi">   --->   Core 121 'm_axi' <Latency = 6> <II = 1> <Delay = 1.00> <Adapter> <Opcode : 'read' 'write' 'readreq' 'writereq' 'writeresp'>

State 59 <SV = 58> <Delay = 4.86>
ST_59 : Operation 196 [13/68] (4.86ns)   --->   "%gmem_addr_resp = writeresp i1 @_ssdm_op_WriteResp.m_axi.i32P1A, i32 %gmem_addr" [/mnt/castor/seas_home/a/abdellah/Documents/ese5320_final_project/hls/lzw_hls.cpp:239]   --->   Operation 196 'writeresp' 'gmem_addr_resp' <Predicate = true> <Delay = 4.86> <CoreInst = "m_axi">   --->   Core 121 'm_axi' <Latency = 6> <II = 1> <Delay = 1.00> <Adapter> <Opcode : 'read' 'write' 'readreq' 'writereq' 'writeresp'>
ST_59 : Operation 197 [14/68] (4.86ns)   --->   "%gmem_addr_1_resp = writeresp i1 @_ssdm_op_WriteResp.m_axi.i32P1A, i32 %gmem_addr_1" [/mnt/castor/seas_home/a/abdellah/Documents/ese5320_final_project/hls/lzw_hls.cpp:240]   --->   Operation 197 'writeresp' 'gmem_addr_1_resp' <Predicate = true> <Delay = 4.86> <CoreInst = "m_axi">   --->   Core 121 'm_axi' <Latency = 6> <II = 1> <Delay = 1.00> <Adapter> <Opcode : 'read' 'write' 'readreq' 'writereq' 'writeresp'>

State 60 <SV = 59> <Delay = 4.86>
ST_60 : Operation 198 [12/68] (4.86ns)   --->   "%gmem_addr_resp = writeresp i1 @_ssdm_op_WriteResp.m_axi.i32P1A, i32 %gmem_addr" [/mnt/castor/seas_home/a/abdellah/Documents/ese5320_final_project/hls/lzw_hls.cpp:239]   --->   Operation 198 'writeresp' 'gmem_addr_resp' <Predicate = true> <Delay = 4.86> <CoreInst = "m_axi">   --->   Core 121 'm_axi' <Latency = 6> <II = 1> <Delay = 1.00> <Adapter> <Opcode : 'read' 'write' 'readreq' 'writereq' 'writeresp'>
ST_60 : Operation 199 [13/68] (4.86ns)   --->   "%gmem_addr_1_resp = writeresp i1 @_ssdm_op_WriteResp.m_axi.i32P1A, i32 %gmem_addr_1" [/mnt/castor/seas_home/a/abdellah/Documents/ese5320_final_project/hls/lzw_hls.cpp:240]   --->   Operation 199 'writeresp' 'gmem_addr_1_resp' <Predicate = true> <Delay = 4.86> <CoreInst = "m_axi">   --->   Core 121 'm_axi' <Latency = 6> <II = 1> <Delay = 1.00> <Adapter> <Opcode : 'read' 'write' 'readreq' 'writereq' 'writeresp'>

State 61 <SV = 60> <Delay = 4.86>
ST_61 : Operation 200 [11/68] (4.86ns)   --->   "%gmem_addr_resp = writeresp i1 @_ssdm_op_WriteResp.m_axi.i32P1A, i32 %gmem_addr" [/mnt/castor/seas_home/a/abdellah/Documents/ese5320_final_project/hls/lzw_hls.cpp:239]   --->   Operation 200 'writeresp' 'gmem_addr_resp' <Predicate = true> <Delay = 4.86> <CoreInst = "m_axi">   --->   Core 121 'm_axi' <Latency = 6> <II = 1> <Delay = 1.00> <Adapter> <Opcode : 'read' 'write' 'readreq' 'writereq' 'writeresp'>
ST_61 : Operation 201 [12/68] (4.86ns)   --->   "%gmem_addr_1_resp = writeresp i1 @_ssdm_op_WriteResp.m_axi.i32P1A, i32 %gmem_addr_1" [/mnt/castor/seas_home/a/abdellah/Documents/ese5320_final_project/hls/lzw_hls.cpp:240]   --->   Operation 201 'writeresp' 'gmem_addr_1_resp' <Predicate = true> <Delay = 4.86> <CoreInst = "m_axi">   --->   Core 121 'm_axi' <Latency = 6> <II = 1> <Delay = 1.00> <Adapter> <Opcode : 'read' 'write' 'readreq' 'writereq' 'writeresp'>

State 62 <SV = 61> <Delay = 4.86>
ST_62 : Operation 202 [10/68] (4.86ns)   --->   "%gmem_addr_resp = writeresp i1 @_ssdm_op_WriteResp.m_axi.i32P1A, i32 %gmem_addr" [/mnt/castor/seas_home/a/abdellah/Documents/ese5320_final_project/hls/lzw_hls.cpp:239]   --->   Operation 202 'writeresp' 'gmem_addr_resp' <Predicate = true> <Delay = 4.86> <CoreInst = "m_axi">   --->   Core 121 'm_axi' <Latency = 6> <II = 1> <Delay = 1.00> <Adapter> <Opcode : 'read' 'write' 'readreq' 'writereq' 'writeresp'>
ST_62 : Operation 203 [11/68] (4.86ns)   --->   "%gmem_addr_1_resp = writeresp i1 @_ssdm_op_WriteResp.m_axi.i32P1A, i32 %gmem_addr_1" [/mnt/castor/seas_home/a/abdellah/Documents/ese5320_final_project/hls/lzw_hls.cpp:240]   --->   Operation 203 'writeresp' 'gmem_addr_1_resp' <Predicate = true> <Delay = 4.86> <CoreInst = "m_axi">   --->   Core 121 'm_axi' <Latency = 6> <II = 1> <Delay = 1.00> <Adapter> <Opcode : 'read' 'write' 'readreq' 'writereq' 'writeresp'>

State 63 <SV = 62> <Delay = 4.86>
ST_63 : Operation 204 [9/68] (4.86ns)   --->   "%gmem_addr_resp = writeresp i1 @_ssdm_op_WriteResp.m_axi.i32P1A, i32 %gmem_addr" [/mnt/castor/seas_home/a/abdellah/Documents/ese5320_final_project/hls/lzw_hls.cpp:239]   --->   Operation 204 'writeresp' 'gmem_addr_resp' <Predicate = true> <Delay = 4.86> <CoreInst = "m_axi">   --->   Core 121 'm_axi' <Latency = 6> <II = 1> <Delay = 1.00> <Adapter> <Opcode : 'read' 'write' 'readreq' 'writereq' 'writeresp'>
ST_63 : Operation 205 [10/68] (4.86ns)   --->   "%gmem_addr_1_resp = writeresp i1 @_ssdm_op_WriteResp.m_axi.i32P1A, i32 %gmem_addr_1" [/mnt/castor/seas_home/a/abdellah/Documents/ese5320_final_project/hls/lzw_hls.cpp:240]   --->   Operation 205 'writeresp' 'gmem_addr_1_resp' <Predicate = true> <Delay = 4.86> <CoreInst = "m_axi">   --->   Core 121 'm_axi' <Latency = 6> <II = 1> <Delay = 1.00> <Adapter> <Opcode : 'read' 'write' 'readreq' 'writereq' 'writeresp'>

State 64 <SV = 63> <Delay = 4.86>
ST_64 : Operation 206 [8/68] (4.86ns)   --->   "%gmem_addr_resp = writeresp i1 @_ssdm_op_WriteResp.m_axi.i32P1A, i32 %gmem_addr" [/mnt/castor/seas_home/a/abdellah/Documents/ese5320_final_project/hls/lzw_hls.cpp:239]   --->   Operation 206 'writeresp' 'gmem_addr_resp' <Predicate = true> <Delay = 4.86> <CoreInst = "m_axi">   --->   Core 121 'm_axi' <Latency = 6> <II = 1> <Delay = 1.00> <Adapter> <Opcode : 'read' 'write' 'readreq' 'writereq' 'writeresp'>
ST_64 : Operation 207 [9/68] (4.86ns)   --->   "%gmem_addr_1_resp = writeresp i1 @_ssdm_op_WriteResp.m_axi.i32P1A, i32 %gmem_addr_1" [/mnt/castor/seas_home/a/abdellah/Documents/ese5320_final_project/hls/lzw_hls.cpp:240]   --->   Operation 207 'writeresp' 'gmem_addr_1_resp' <Predicate = true> <Delay = 4.86> <CoreInst = "m_axi">   --->   Core 121 'm_axi' <Latency = 6> <II = 1> <Delay = 1.00> <Adapter> <Opcode : 'read' 'write' 'readreq' 'writereq' 'writeresp'>

State 65 <SV = 64> <Delay = 4.86>
ST_65 : Operation 208 [7/68] (4.86ns)   --->   "%gmem_addr_resp = writeresp i1 @_ssdm_op_WriteResp.m_axi.i32P1A, i32 %gmem_addr" [/mnt/castor/seas_home/a/abdellah/Documents/ese5320_final_project/hls/lzw_hls.cpp:239]   --->   Operation 208 'writeresp' 'gmem_addr_resp' <Predicate = true> <Delay = 4.86> <CoreInst = "m_axi">   --->   Core 121 'm_axi' <Latency = 6> <II = 1> <Delay = 1.00> <Adapter> <Opcode : 'read' 'write' 'readreq' 'writereq' 'writeresp'>
ST_65 : Operation 209 [8/68] (4.86ns)   --->   "%gmem_addr_1_resp = writeresp i1 @_ssdm_op_WriteResp.m_axi.i32P1A, i32 %gmem_addr_1" [/mnt/castor/seas_home/a/abdellah/Documents/ese5320_final_project/hls/lzw_hls.cpp:240]   --->   Operation 209 'writeresp' 'gmem_addr_1_resp' <Predicate = true> <Delay = 4.86> <CoreInst = "m_axi">   --->   Core 121 'm_axi' <Latency = 6> <II = 1> <Delay = 1.00> <Adapter> <Opcode : 'read' 'write' 'readreq' 'writereq' 'writeresp'>

State 66 <SV = 65> <Delay = 4.86>
ST_66 : Operation 210 [6/68] (4.86ns)   --->   "%gmem_addr_resp = writeresp i1 @_ssdm_op_WriteResp.m_axi.i32P1A, i32 %gmem_addr" [/mnt/castor/seas_home/a/abdellah/Documents/ese5320_final_project/hls/lzw_hls.cpp:239]   --->   Operation 210 'writeresp' 'gmem_addr_resp' <Predicate = true> <Delay = 4.86> <CoreInst = "m_axi">   --->   Core 121 'm_axi' <Latency = 6> <II = 1> <Delay = 1.00> <Adapter> <Opcode : 'read' 'write' 'readreq' 'writereq' 'writeresp'>
ST_66 : Operation 211 [7/68] (4.86ns)   --->   "%gmem_addr_1_resp = writeresp i1 @_ssdm_op_WriteResp.m_axi.i32P1A, i32 %gmem_addr_1" [/mnt/castor/seas_home/a/abdellah/Documents/ese5320_final_project/hls/lzw_hls.cpp:240]   --->   Operation 211 'writeresp' 'gmem_addr_1_resp' <Predicate = true> <Delay = 4.86> <CoreInst = "m_axi">   --->   Core 121 'm_axi' <Latency = 6> <II = 1> <Delay = 1.00> <Adapter> <Opcode : 'read' 'write' 'readreq' 'writereq' 'writeresp'>

State 67 <SV = 66> <Delay = 4.86>
ST_67 : Operation 212 [5/68] (4.86ns)   --->   "%gmem_addr_resp = writeresp i1 @_ssdm_op_WriteResp.m_axi.i32P1A, i32 %gmem_addr" [/mnt/castor/seas_home/a/abdellah/Documents/ese5320_final_project/hls/lzw_hls.cpp:239]   --->   Operation 212 'writeresp' 'gmem_addr_resp' <Predicate = true> <Delay = 4.86> <CoreInst = "m_axi">   --->   Core 121 'm_axi' <Latency = 6> <II = 1> <Delay = 1.00> <Adapter> <Opcode : 'read' 'write' 'readreq' 'writereq' 'writeresp'>
ST_67 : Operation 213 [6/68] (4.86ns)   --->   "%gmem_addr_1_resp = writeresp i1 @_ssdm_op_WriteResp.m_axi.i32P1A, i32 %gmem_addr_1" [/mnt/castor/seas_home/a/abdellah/Documents/ese5320_final_project/hls/lzw_hls.cpp:240]   --->   Operation 213 'writeresp' 'gmem_addr_1_resp' <Predicate = true> <Delay = 4.86> <CoreInst = "m_axi">   --->   Core 121 'm_axi' <Latency = 6> <II = 1> <Delay = 1.00> <Adapter> <Opcode : 'read' 'write' 'readreq' 'writereq' 'writeresp'>

State 68 <SV = 67> <Delay = 4.86>
ST_68 : Operation 214 [4/68] (4.86ns)   --->   "%gmem_addr_resp = writeresp i1 @_ssdm_op_WriteResp.m_axi.i32P1A, i32 %gmem_addr" [/mnt/castor/seas_home/a/abdellah/Documents/ese5320_final_project/hls/lzw_hls.cpp:239]   --->   Operation 214 'writeresp' 'gmem_addr_resp' <Predicate = true> <Delay = 4.86> <CoreInst = "m_axi">   --->   Core 121 'm_axi' <Latency = 6> <II = 1> <Delay = 1.00> <Adapter> <Opcode : 'read' 'write' 'readreq' 'writereq' 'writeresp'>
ST_68 : Operation 215 [5/68] (4.86ns)   --->   "%gmem_addr_1_resp = writeresp i1 @_ssdm_op_WriteResp.m_axi.i32P1A, i32 %gmem_addr_1" [/mnt/castor/seas_home/a/abdellah/Documents/ese5320_final_project/hls/lzw_hls.cpp:240]   --->   Operation 215 'writeresp' 'gmem_addr_1_resp' <Predicate = true> <Delay = 4.86> <CoreInst = "m_axi">   --->   Core 121 'm_axi' <Latency = 6> <II = 1> <Delay = 1.00> <Adapter> <Opcode : 'read' 'write' 'readreq' 'writereq' 'writeresp'>

State 69 <SV = 68> <Delay = 4.86>
ST_69 : Operation 216 [3/68] (4.86ns)   --->   "%gmem_addr_resp = writeresp i1 @_ssdm_op_WriteResp.m_axi.i32P1A, i32 %gmem_addr" [/mnt/castor/seas_home/a/abdellah/Documents/ese5320_final_project/hls/lzw_hls.cpp:239]   --->   Operation 216 'writeresp' 'gmem_addr_resp' <Predicate = true> <Delay = 4.86> <CoreInst = "m_axi">   --->   Core 121 'm_axi' <Latency = 6> <II = 1> <Delay = 1.00> <Adapter> <Opcode : 'read' 'write' 'readreq' 'writereq' 'writeresp'>
ST_69 : Operation 217 [4/68] (4.86ns)   --->   "%gmem_addr_1_resp = writeresp i1 @_ssdm_op_WriteResp.m_axi.i32P1A, i32 %gmem_addr_1" [/mnt/castor/seas_home/a/abdellah/Documents/ese5320_final_project/hls/lzw_hls.cpp:240]   --->   Operation 217 'writeresp' 'gmem_addr_1_resp' <Predicate = true> <Delay = 4.86> <CoreInst = "m_axi">   --->   Core 121 'm_axi' <Latency = 6> <II = 1> <Delay = 1.00> <Adapter> <Opcode : 'read' 'write' 'readreq' 'writereq' 'writeresp'>

State 70 <SV = 69> <Delay = 4.86>
ST_70 : Operation 218 [2/68] (4.86ns)   --->   "%gmem_addr_resp = writeresp i1 @_ssdm_op_WriteResp.m_axi.i32P1A, i32 %gmem_addr" [/mnt/castor/seas_home/a/abdellah/Documents/ese5320_final_project/hls/lzw_hls.cpp:239]   --->   Operation 218 'writeresp' 'gmem_addr_resp' <Predicate = true> <Delay = 4.86> <CoreInst = "m_axi">   --->   Core 121 'm_axi' <Latency = 6> <II = 1> <Delay = 1.00> <Adapter> <Opcode : 'read' 'write' 'readreq' 'writereq' 'writeresp'>
ST_70 : Operation 219 [3/68] (4.86ns)   --->   "%gmem_addr_1_resp = writeresp i1 @_ssdm_op_WriteResp.m_axi.i32P1A, i32 %gmem_addr_1" [/mnt/castor/seas_home/a/abdellah/Documents/ese5320_final_project/hls/lzw_hls.cpp:240]   --->   Operation 219 'writeresp' 'gmem_addr_1_resp' <Predicate = true> <Delay = 4.86> <CoreInst = "m_axi">   --->   Core 121 'm_axi' <Latency = 6> <II = 1> <Delay = 1.00> <Adapter> <Opcode : 'read' 'write' 'readreq' 'writereq' 'writeresp'>

State 71 <SV = 70> <Delay = 4.86>
ST_71 : Operation 220 [1/68] (4.86ns)   --->   "%gmem_addr_resp = writeresp i1 @_ssdm_op_WriteResp.m_axi.i32P1A, i32 %gmem_addr" [/mnt/castor/seas_home/a/abdellah/Documents/ese5320_final_project/hls/lzw_hls.cpp:239]   --->   Operation 220 'writeresp' 'gmem_addr_resp' <Predicate = true> <Delay = 4.86> <CoreInst = "m_axi">   --->   Core 121 'm_axi' <Latency = 6> <II = 1> <Delay = 1.00> <Adapter> <Opcode : 'read' 'write' 'readreq' 'writereq' 'writeresp'>
ST_71 : Operation 221 [2/68] (4.86ns)   --->   "%gmem_addr_1_resp = writeresp i1 @_ssdm_op_WriteResp.m_axi.i32P1A, i32 %gmem_addr_1" [/mnt/castor/seas_home/a/abdellah/Documents/ese5320_final_project/hls/lzw_hls.cpp:240]   --->   Operation 221 'writeresp' 'gmem_addr_1_resp' <Predicate = true> <Delay = 4.86> <CoreInst = "m_axi">   --->   Core 121 'm_axi' <Latency = 6> <II = 1> <Delay = 1.00> <Adapter> <Opcode : 'read' 'write' 'readreq' 'writereq' 'writeresp'>

State 72 <SV = 71> <Delay = 4.86>
ST_72 : Operation 222 [1/1] (0.00ns)   --->   "%specinterface_ln0 = specinterface void @_ssdm_op_SpecInterface, i32 %gmem, void @empty_15, i32 0, i32 0, void @empty_20, i32 64, i32 0, void @empty_1, void @empty_23, void @empty_20, i32 16, i32 16, i32 16, i32 16, void @empty_20, void @empty_20"   --->   Operation 222 'specinterface' 'specinterface_ln0' <Predicate = true> <Delay = 0.00>
ST_72 : Operation 223 [1/1] (0.00ns)   --->   "%specinterface_ln0 = specinterface void @_ssdm_op_SpecInterface, i64 %output_length, void @ap_fifo_str, i32 0, i32 0, void @p_str, i32 0, i32 0, void @p_str, void @p_str, void @p_str, i32 2, i32 2, i32 16, i32 16, void @p_str, void @ScalarProp_str"   --->   Operation 223 'specinterface' 'specinterface_ln0' <Predicate = true> <Delay = 0.00>
ST_72 : Operation 224 [1/1] (0.00ns)   --->   "%specinterface_ln0 = specinterface void @_ssdm_op_SpecInterface, i64 %output_size, void @ap_fifo_str, i32 0, i32 0, void @p_str, i32 0, i32 0, void @p_str, void @p_str, void @p_str, i32 2, i32 2, i32 16, i32 16, void @p_str, void @ScalarProp_str"   --->   Operation 224 'specinterface' 'specinterface_ln0' <Predicate = true> <Delay = 0.00>
ST_72 : Operation 225 [1/1] (0.00ns)   --->   "%specinterface_ln0 = specinterface void @_ssdm_op_SpecInterface, i32 %local_output_size, void @ap_fifo_str, i32 0, i32 0, void @p_str, i32 0, i32 0, void @p_str, void @p_str, void @p_str, i32 2, i32 2, i32 16, i32 16, void @p_str, void @ScalarProp_str"   --->   Operation 225 'specinterface' 'specinterface_ln0' <Predicate = true> <Delay = 0.00>
ST_72 : Operation 226 [1/1] (0.00ns)   --->   "%specinterface_ln0 = specinterface void @_ssdm_op_SpecInterface, i32 %gmem, void @empty_15, i32 0, i32 0, void @empty_20, i32 64, i32 0, void @empty_1, void @empty_23, void @empty_20, i32 16, i32 16, i32 16, i32 16, void @empty_20, void @empty_20"   --->   Operation 226 'specinterface' 'specinterface_ln0' <Predicate = true> <Delay = 0.00>
ST_72 : Operation 227 [1/68] (4.86ns)   --->   "%gmem_addr_1_resp = writeresp i1 @_ssdm_op_WriteResp.m_axi.i32P1A, i32 %gmem_addr_1" [/mnt/castor/seas_home/a/abdellah/Documents/ese5320_final_project/hls/lzw_hls.cpp:240]   --->   Operation 227 'writeresp' 'gmem_addr_1_resp' <Predicate = true> <Delay = 4.86> <CoreInst = "m_axi">   --->   Core 121 'm_axi' <Latency = 6> <II = 1> <Delay = 1.00> <Adapter> <Opcode : 'read' 'write' 'readreq' 'writereq' 'writeresp'>
ST_72 : Operation 228 [1/1] (0.00ns)   --->   "%ret_ln0 = ret"   --->   Operation 228 'ret' 'ret_ln0' <Predicate = true> <Delay = 0.00>


============================================================
+ Verbose Summary: Timing violations
============================================================
Target clock period: 6.67ns, clock uncertainty: 1.8ns.

 <State 1>: 2.17ns
The critical path consists of the following:
	fifo read on port 'local_output_size' (/mnt/castor/seas_home/a/abdellah/Documents/ese5320_final_project/hls/lzw_hls.cpp:231) [14]  (2.17 ns)

 <State 2>: 4.87ns
The critical path consists of the following:
	bus request on port 'gmem' (/mnt/castor/seas_home/a/abdellah/Documents/ese5320_final_project/hls/lzw_hls.cpp:239) [18]  (4.87 ns)

 <State 3>: 4.87ns
The critical path consists of the following:
	bus write on port 'gmem' (/mnt/castor/seas_home/a/abdellah/Documents/ese5320_final_project/hls/lzw_hls.cpp:239) [19]  (4.87 ns)

 <State 4>: 4.87ns
The critical path consists of the following:
	bus response on port 'gmem' (/mnt/castor/seas_home/a/abdellah/Documents/ese5320_final_project/hls/lzw_hls.cpp:239) [20]  (4.87 ns)

 <State 5>: 4.87ns
The critical path consists of the following:
	bus response on port 'gmem' (/mnt/castor/seas_home/a/abdellah/Documents/ese5320_final_project/hls/lzw_hls.cpp:239) [20]  (4.87 ns)

 <State 6>: 4.87ns
The critical path consists of the following:
	bus response on port 'gmem' (/mnt/castor/seas_home/a/abdellah/Documents/ese5320_final_project/hls/lzw_hls.cpp:239) [20]  (4.87 ns)

 <State 7>: 4.87ns
The critical path consists of the following:
	bus response on port 'gmem' (/mnt/castor/seas_home/a/abdellah/Documents/ese5320_final_project/hls/lzw_hls.cpp:239) [20]  (4.87 ns)

 <State 8>: 4.87ns
The critical path consists of the following:
	bus response on port 'gmem' (/mnt/castor/seas_home/a/abdellah/Documents/ese5320_final_project/hls/lzw_hls.cpp:239) [20]  (4.87 ns)

 <State 9>: 4.87ns
The critical path consists of the following:
	bus response on port 'gmem' (/mnt/castor/seas_home/a/abdellah/Documents/ese5320_final_project/hls/lzw_hls.cpp:239) [20]  (4.87 ns)

 <State 10>: 4.87ns
The critical path consists of the following:
	bus response on port 'gmem' (/mnt/castor/seas_home/a/abdellah/Documents/ese5320_final_project/hls/lzw_hls.cpp:239) [20]  (4.87 ns)

 <State 11>: 4.87ns
The critical path consists of the following:
	bus response on port 'gmem' (/mnt/castor/seas_home/a/abdellah/Documents/ese5320_final_project/hls/lzw_hls.cpp:239) [20]  (4.87 ns)

 <State 12>: 4.87ns
The critical path consists of the following:
	bus response on port 'gmem' (/mnt/castor/seas_home/a/abdellah/Documents/ese5320_final_project/hls/lzw_hls.cpp:239) [20]  (4.87 ns)

 <State 13>: 4.87ns
The critical path consists of the following:
	bus response on port 'gmem' (/mnt/castor/seas_home/a/abdellah/Documents/ese5320_final_project/hls/lzw_hls.cpp:239) [20]  (4.87 ns)

 <State 14>: 4.87ns
The critical path consists of the following:
	bus response on port 'gmem' (/mnt/castor/seas_home/a/abdellah/Documents/ese5320_final_project/hls/lzw_hls.cpp:239) [20]  (4.87 ns)

 <State 15>: 4.87ns
The critical path consists of the following:
	bus response on port 'gmem' (/mnt/castor/seas_home/a/abdellah/Documents/ese5320_final_project/hls/lzw_hls.cpp:239) [20]  (4.87 ns)

 <State 16>: 4.87ns
The critical path consists of the following:
	bus response on port 'gmem' (/mnt/castor/seas_home/a/abdellah/Documents/ese5320_final_project/hls/lzw_hls.cpp:239) [20]  (4.87 ns)

 <State 17>: 4.87ns
The critical path consists of the following:
	bus response on port 'gmem' (/mnt/castor/seas_home/a/abdellah/Documents/ese5320_final_project/hls/lzw_hls.cpp:239) [20]  (4.87 ns)

 <State 18>: 4.87ns
The critical path consists of the following:
	bus response on port 'gmem' (/mnt/castor/seas_home/a/abdellah/Documents/ese5320_final_project/hls/lzw_hls.cpp:239) [20]  (4.87 ns)

 <State 19>: 4.87ns
The critical path consists of the following:
	bus response on port 'gmem' (/mnt/castor/seas_home/a/abdellah/Documents/ese5320_final_project/hls/lzw_hls.cpp:239) [20]  (4.87 ns)

 <State 20>: 4.87ns
The critical path consists of the following:
	bus response on port 'gmem' (/mnt/castor/seas_home/a/abdellah/Documents/ese5320_final_project/hls/lzw_hls.cpp:239) [20]  (4.87 ns)

 <State 21>: 4.87ns
The critical path consists of the following:
	bus response on port 'gmem' (/mnt/castor/seas_home/a/abdellah/Documents/ese5320_final_project/hls/lzw_hls.cpp:239) [20]  (4.87 ns)

 <State 22>: 4.87ns
The critical path consists of the following:
	bus response on port 'gmem' (/mnt/castor/seas_home/a/abdellah/Documents/ese5320_final_project/hls/lzw_hls.cpp:239) [20]  (4.87 ns)

 <State 23>: 4.87ns
The critical path consists of the following:
	bus response on port 'gmem' (/mnt/castor/seas_home/a/abdellah/Documents/ese5320_final_project/hls/lzw_hls.cpp:239) [20]  (4.87 ns)

 <State 24>: 4.87ns
The critical path consists of the following:
	bus response on port 'gmem' (/mnt/castor/seas_home/a/abdellah/Documents/ese5320_final_project/hls/lzw_hls.cpp:239) [20]  (4.87 ns)

 <State 25>: 4.87ns
The critical path consists of the following:
	bus response on port 'gmem' (/mnt/castor/seas_home/a/abdellah/Documents/ese5320_final_project/hls/lzw_hls.cpp:239) [20]  (4.87 ns)

 <State 26>: 4.87ns
The critical path consists of the following:
	bus response on port 'gmem' (/mnt/castor/seas_home/a/abdellah/Documents/ese5320_final_project/hls/lzw_hls.cpp:239) [20]  (4.87 ns)

 <State 27>: 4.87ns
The critical path consists of the following:
	bus response on port 'gmem' (/mnt/castor/seas_home/a/abdellah/Documents/ese5320_final_project/hls/lzw_hls.cpp:239) [20]  (4.87 ns)

 <State 28>: 4.87ns
The critical path consists of the following:
	bus response on port 'gmem' (/mnt/castor/seas_home/a/abdellah/Documents/ese5320_final_project/hls/lzw_hls.cpp:239) [20]  (4.87 ns)

 <State 29>: 4.87ns
The critical path consists of the following:
	bus response on port 'gmem' (/mnt/castor/seas_home/a/abdellah/Documents/ese5320_final_project/hls/lzw_hls.cpp:239) [20]  (4.87 ns)

 <State 30>: 4.87ns
The critical path consists of the following:
	bus response on port 'gmem' (/mnt/castor/seas_home/a/abdellah/Documents/ese5320_final_project/hls/lzw_hls.cpp:239) [20]  (4.87 ns)

 <State 31>: 4.87ns
The critical path consists of the following:
	bus response on port 'gmem' (/mnt/castor/seas_home/a/abdellah/Documents/ese5320_final_project/hls/lzw_hls.cpp:239) [20]  (4.87 ns)

 <State 32>: 4.87ns
The critical path consists of the following:
	bus response on port 'gmem' (/mnt/castor/seas_home/a/abdellah/Documents/ese5320_final_project/hls/lzw_hls.cpp:239) [20]  (4.87 ns)

 <State 33>: 4.87ns
The critical path consists of the following:
	bus response on port 'gmem' (/mnt/castor/seas_home/a/abdellah/Documents/ese5320_final_project/hls/lzw_hls.cpp:239) [20]  (4.87 ns)

 <State 34>: 4.87ns
The critical path consists of the following:
	bus response on port 'gmem' (/mnt/castor/seas_home/a/abdellah/Documents/ese5320_final_project/hls/lzw_hls.cpp:239) [20]  (4.87 ns)

 <State 35>: 4.87ns
The critical path consists of the following:
	bus response on port 'gmem' (/mnt/castor/seas_home/a/abdellah/Documents/ese5320_final_project/hls/lzw_hls.cpp:239) [20]  (4.87 ns)

 <State 36>: 4.87ns
The critical path consists of the following:
	bus response on port 'gmem' (/mnt/castor/seas_home/a/abdellah/Documents/ese5320_final_project/hls/lzw_hls.cpp:239) [20]  (4.87 ns)

 <State 37>: 4.87ns
The critical path consists of the following:
	bus response on port 'gmem' (/mnt/castor/seas_home/a/abdellah/Documents/ese5320_final_project/hls/lzw_hls.cpp:239) [20]  (4.87 ns)

 <State 38>: 4.87ns
The critical path consists of the following:
	bus response on port 'gmem' (/mnt/castor/seas_home/a/abdellah/Documents/ese5320_final_project/hls/lzw_hls.cpp:239) [20]  (4.87 ns)

 <State 39>: 4.87ns
The critical path consists of the following:
	bus response on port 'gmem' (/mnt/castor/seas_home/a/abdellah/Documents/ese5320_final_project/hls/lzw_hls.cpp:239) [20]  (4.87 ns)

 <State 40>: 4.87ns
The critical path consists of the following:
	bus response on port 'gmem' (/mnt/castor/seas_home/a/abdellah/Documents/ese5320_final_project/hls/lzw_hls.cpp:239) [20]  (4.87 ns)

 <State 41>: 4.87ns
The critical path consists of the following:
	bus response on port 'gmem' (/mnt/castor/seas_home/a/abdellah/Documents/ese5320_final_project/hls/lzw_hls.cpp:239) [20]  (4.87 ns)

 <State 42>: 4.87ns
The critical path consists of the following:
	bus response on port 'gmem' (/mnt/castor/seas_home/a/abdellah/Documents/ese5320_final_project/hls/lzw_hls.cpp:239) [20]  (4.87 ns)

 <State 43>: 4.87ns
The critical path consists of the following:
	bus response on port 'gmem' (/mnt/castor/seas_home/a/abdellah/Documents/ese5320_final_project/hls/lzw_hls.cpp:239) [20]  (4.87 ns)

 <State 44>: 4.87ns
The critical path consists of the following:
	bus response on port 'gmem' (/mnt/castor/seas_home/a/abdellah/Documents/ese5320_final_project/hls/lzw_hls.cpp:239) [20]  (4.87 ns)

 <State 45>: 4.87ns
The critical path consists of the following:
	bus response on port 'gmem' (/mnt/castor/seas_home/a/abdellah/Documents/ese5320_final_project/hls/lzw_hls.cpp:239) [20]  (4.87 ns)

 <State 46>: 4.87ns
The critical path consists of the following:
	bus response on port 'gmem' (/mnt/castor/seas_home/a/abdellah/Documents/ese5320_final_project/hls/lzw_hls.cpp:239) [20]  (4.87 ns)

 <State 47>: 4.87ns
The critical path consists of the following:
	bus response on port 'gmem' (/mnt/castor/seas_home/a/abdellah/Documents/ese5320_final_project/hls/lzw_hls.cpp:239) [20]  (4.87 ns)

 <State 48>: 4.87ns
The critical path consists of the following:
	bus response on port 'gmem' (/mnt/castor/seas_home/a/abdellah/Documents/ese5320_final_project/hls/lzw_hls.cpp:239) [20]  (4.87 ns)

 <State 49>: 4.87ns
The critical path consists of the following:
	bus response on port 'gmem' (/mnt/castor/seas_home/a/abdellah/Documents/ese5320_final_project/hls/lzw_hls.cpp:239) [20]  (4.87 ns)

 <State 50>: 4.87ns
The critical path consists of the following:
	bus response on port 'gmem' (/mnt/castor/seas_home/a/abdellah/Documents/ese5320_final_project/hls/lzw_hls.cpp:239) [20]  (4.87 ns)

 <State 51>: 4.87ns
The critical path consists of the following:
	bus response on port 'gmem' (/mnt/castor/seas_home/a/abdellah/Documents/ese5320_final_project/hls/lzw_hls.cpp:239) [20]  (4.87 ns)

 <State 52>: 4.87ns
The critical path consists of the following:
	bus response on port 'gmem' (/mnt/castor/seas_home/a/abdellah/Documents/ese5320_final_project/hls/lzw_hls.cpp:239) [20]  (4.87 ns)

 <State 53>: 4.87ns
The critical path consists of the following:
	bus response on port 'gmem' (/mnt/castor/seas_home/a/abdellah/Documents/ese5320_final_project/hls/lzw_hls.cpp:239) [20]  (4.87 ns)

 <State 54>: 4.87ns
The critical path consists of the following:
	bus response on port 'gmem' (/mnt/castor/seas_home/a/abdellah/Documents/ese5320_final_project/hls/lzw_hls.cpp:239) [20]  (4.87 ns)

 <State 55>: 4.87ns
The critical path consists of the following:
	bus response on port 'gmem' (/mnt/castor/seas_home/a/abdellah/Documents/ese5320_final_project/hls/lzw_hls.cpp:239) [20]  (4.87 ns)

 <State 56>: 4.87ns
The critical path consists of the following:
	bus response on port 'gmem' (/mnt/castor/seas_home/a/abdellah/Documents/ese5320_final_project/hls/lzw_hls.cpp:239) [20]  (4.87 ns)

 <State 57>: 4.87ns
The critical path consists of the following:
	bus response on port 'gmem' (/mnt/castor/seas_home/a/abdellah/Documents/ese5320_final_project/hls/lzw_hls.cpp:239) [20]  (4.87 ns)

 <State 58>: 4.87ns
The critical path consists of the following:
	bus response on port 'gmem' (/mnt/castor/seas_home/a/abdellah/Documents/ese5320_final_project/hls/lzw_hls.cpp:239) [20]  (4.87 ns)

 <State 59>: 4.87ns
The critical path consists of the following:
	bus response on port 'gmem' (/mnt/castor/seas_home/a/abdellah/Documents/ese5320_final_project/hls/lzw_hls.cpp:239) [20]  (4.87 ns)

 <State 60>: 4.87ns
The critical path consists of the following:
	bus response on port 'gmem' (/mnt/castor/seas_home/a/abdellah/Documents/ese5320_final_project/hls/lzw_hls.cpp:239) [20]  (4.87 ns)

 <State 61>: 4.87ns
The critical path consists of the following:
	bus response on port 'gmem' (/mnt/castor/seas_home/a/abdellah/Documents/ese5320_final_project/hls/lzw_hls.cpp:239) [20]  (4.87 ns)

 <State 62>: 4.87ns
The critical path consists of the following:
	bus response on port 'gmem' (/mnt/castor/seas_home/a/abdellah/Documents/ese5320_final_project/hls/lzw_hls.cpp:239) [20]  (4.87 ns)

 <State 63>: 4.87ns
The critical path consists of the following:
	bus response on port 'gmem' (/mnt/castor/seas_home/a/abdellah/Documents/ese5320_final_project/hls/lzw_hls.cpp:239) [20]  (4.87 ns)

 <State 64>: 4.87ns
The critical path consists of the following:
	bus response on port 'gmem' (/mnt/castor/seas_home/a/abdellah/Documents/ese5320_final_project/hls/lzw_hls.cpp:239) [20]  (4.87 ns)

 <State 65>: 4.87ns
The critical path consists of the following:
	bus response on port 'gmem' (/mnt/castor/seas_home/a/abdellah/Documents/ese5320_final_project/hls/lzw_hls.cpp:239) [20]  (4.87 ns)

 <State 66>: 4.87ns
The critical path consists of the following:
	bus response on port 'gmem' (/mnt/castor/seas_home/a/abdellah/Documents/ese5320_final_project/hls/lzw_hls.cpp:239) [20]  (4.87 ns)

 <State 67>: 4.87ns
The critical path consists of the following:
	bus response on port 'gmem' (/mnt/castor/seas_home/a/abdellah/Documents/ese5320_final_project/hls/lzw_hls.cpp:239) [20]  (4.87 ns)

 <State 68>: 4.87ns
The critical path consists of the following:
	bus response on port 'gmem' (/mnt/castor/seas_home/a/abdellah/Documents/ese5320_final_project/hls/lzw_hls.cpp:239) [20]  (4.87 ns)

 <State 69>: 4.87ns
The critical path consists of the following:
	bus response on port 'gmem' (/mnt/castor/seas_home/a/abdellah/Documents/ese5320_final_project/hls/lzw_hls.cpp:239) [20]  (4.87 ns)

 <State 70>: 4.87ns
The critical path consists of the following:
	bus response on port 'gmem' (/mnt/castor/seas_home/a/abdellah/Documents/ese5320_final_project/hls/lzw_hls.cpp:239) [20]  (4.87 ns)

 <State 71>: 4.87ns
The critical path consists of the following:
	bus response on port 'gmem' (/mnt/castor/seas_home/a/abdellah/Documents/ese5320_final_project/hls/lzw_hls.cpp:239) [20]  (4.87 ns)

 <State 72>: 4.87ns
The critical path consists of the following:
	bus response on port 'gmem' (/mnt/castor/seas_home/a/abdellah/Documents/ese5320_final_project/hls/lzw_hls.cpp:240) [26]  (4.87 ns)


============================================================
+ Verbose Summary: Binding
============================================================
N/A
* FSMD analyzer results:
  - Output states:
 - Input state : 
  - Chain level:
	State 1
	State 2
	State 3
	State 4
	State 5
	State 6
	State 7
	State 8
	State 9
	State 10
	State 11
	State 12
	State 13
	State 14
	State 15
	State 16
	State 17
	State 18
	State 19
	State 20
	State 21
	State 22
	State 23
	State 24
	State 25
	State 26
	State 27
	State 28
	State 29
	State 30
	State 31
	State 32
	State 33
	State 34
	State 35
	State 36
	State 37
	State 38
	State 39
	State 40
	State 41
	State 42
	State 43
	State 44
	State 45
	State 46
	State 47
	State 48
	State 49
	State 50
	State 51
	State 52
	State 53
	State 54
	State 55
	State 56
	State 57
	State 58
	State 59
	State 60
	State 61
	State 62
	State 63
	State 64
	State 65
	State 66
	State 67
	State 68
	State 69
	State 70
	State 71
	State 72


============================================================
+ Verbose Summary: Datapath Resource usage 
============================================================
N/A
