

================================================================
== Synthesis Summary Report of 'lzw_fpga'
================================================================
+ General Information: 
    * Date:           Sun Dec  8 20:09:57 2024
    * Version:        2020.2 (Build 3064766 on Wed Nov 18 09:12:47 MST 2020)
    * Project:        lzw_fpga
    * Solution:       solution (Vitis Kernel Flow Target)
    * Product family: zynquplus
    * Target device:  xczu3eg-sbva484-1-i
    

+ Performance & Resource Estimates: 
    
    PS: '+' for module; 'o' for loop; '*' for dataflow
    +-----------------------------------------+--------+-------+---------+-----------+----------+---------+------+----------+---------+----+------------+-------------+-----+
    |                 Modules                 |  Issue |       | Latency |  Latency  | Iteration|         | Trip |          |         |    |            |             |     |
    |                 & Loops                 |  Type  | Slack | (cycles)|    (ns)   |  Latency | Interval| Count| Pipelined|  BRAM   | DSP|     FF     |     LUT     | URAM|
    +-----------------------------------------+--------+-------+---------+-----------+----------+---------+------+----------+---------+----+------------+-------------+-----+
    |+ lzw_fpga*                              |  Timing|   0.00|        -|          -|         -|        -|     -|  dataflow|  26 (6%)|   -|   6405 (4%)|  10776 (15%)|    -|
    | + grp_decoding_fu_248                   |       -|  -0.53|        -|          -|         -|        -|     -|        no|   8 (1%)|   -|  1047 (~0%)|    3132 (4%)|    -|
    |  o init_loop                            |       -|  -4.87|       64|    426.688|         1|        1|    64|       yes|        -|   -|           -|            -|    -|
    |  o build_string_loop                    |       -|  -4.87|       34|    226.678|         3|        2|    16|       yes|        -|   -|           -|            -|    -|
    |  o output_loop1                         |       -|  -4.87|        -|          -|         2|        1|     -|       yes|        -|   -|           -|            -|    -|
    |  o decode_main_loop                     |       -|  -4.87|        -|          -|         -|        -|     -|        no|        -|   -|           -|            -|    -|
    |   o output_loop2                        |       -|  -4.87|        -|          -|         2|        1|     -|       yes|        -|   -|           -|            -|    -|
    | + grp_encoding_fu_256                   |       -|  -1.50|        -|          -|         -|        -|     -|        no|   8 (1%)|   -|   260 (~0%)|     855 (1%)|    -|
    |  o init_loop                            |       -|  -4.87|       64|    426.688|         1|        1|    64|       yes|        -|   -|           -|            -|    -|
    |  o main_loop                            |       -|  -4.87|        -|          -|         -|        -|     -|        no|        -|   -|           -|            -|    -|
    |   o search_loop                         |       -|  -4.87|        -|          -|         3|        -|     -|        no|        -|   -|           -|            -|    -|
    | + grp_copy_output_code_fu_266           |  Timing|   0.00|        -|          -|         -|        -|     -|        no|        -|   -|   268 (~0%)|    546 (~0%)|    -|
    |  o copy_output_code_loop                |       -|  -4.87|        -|          -|         3|        1|     -|       yes|        -|   -|           -|            -|    -|
    | + grp_load_input_fu_275                 |  Timing|   0.00|        -|          -|         -|        -|     -|        no|        -|   -|   245 (~0%)|    569 (~0%)|    -|
    |  o load_input_loop                      |       -|  -4.87|        -|          -|         3|        1|     -|       yes|        -|   -|           -|            -|    -|
    | + grp_copy_output_fu_284                |  Timing|   0.00|        -|          -|         -|        -|     -|        no|        -|   -|   168 (~0%)|    498 (~0%)|    -|
    |  o copy_output_loop                     |       -|  -4.87|        -|          -|         3|        1|     -|       yes|        -|   -|           -|            -|    -|
    | + grp_Block_split214_proc_fu_293        |  Timing|   0.00|       71|    473.357|         -|       71|     -|        no|        -|   -|   233 (~0%)|    482 (~0%)|    -|
    | + grp_store_output_fu_303               |       -|  -1.26|      258|  1.720e+03|         -|      258|     -|        no|        -|   -|    23 (~0%)|    108 (~0%)|    -|
    |  o store_output_loop                    |       -|  -4.87|      256|  1.707e+03|         1|        1|   256|       yes|        -|   -|           -|            -|    -|
    | + call_ln191_lzw_fpga_entry11_fu_310    |       -|  -2.70|        0|      0.000|         -|        0|     -|        no|        -|   -|     3 (~0%)|     91 (~0%)|    -|
    | + call_ret8_Block_split212_proc_fu_333  |       -|  -2.70|        0|      0.000|         -|        0|     -|        no|        -|   -|    20 (~0%)|     46 (~0%)|    -|
    +-----------------------------------------+--------+-------+---------+-----------+----------+---------+------+----------+---------+----+------------+-------------+-----+

