

================================================================
== Vitis HLS Report for 'encoding'
================================================================
* Date:           Sun Dec  8 20:09:54 2024

* Version:        2020.2 (Build 3064766 on Wed Nov 18 09:12:47 MST 2020)
* Project:        lzw_fpga
* Solution:       solution (Vitis Kernel Flow Target)
* Product family: zynquplus
* Target device:  xczu3eg-sbva484-1-i


================================================================
== Performance Estimates
================================================================
+ Timing: 
    * Summary: 
    +--------+---------+----------+------------+
    |  Clock |  Target | Estimated| Uncertainty|
    +--------+---------+----------+------------+
    |ap_clk  |  6.67 ns|  3.370 ns|     1.80 ns|
    +--------+---------+----------+------------+

+ Latency: 
    * Summary: 
    +---------+---------+----------+----------+-----+-----+---------+
    |  Latency (cycles) |  Latency (absolute) |  Interval | Pipeline|
    |   min   |   max   |    min   |    max   | min | max |   Type  |
    +---------+---------+----------+----------+-----+-----+---------+
    |        ?|        ?|         ?|         ?|    ?|    ?|     none|
    +---------+---------+----------+----------+-----+-----+---------+

    + Detail: 
        * Instance: 
        N/A

        * Loop: 
        +----------------+---------+---------+----------+-----------+-----------+------+----------+
        |                |  Latency (cycles) | Iteration|  Initiation Interval  | Trip |          |
        |    Loop Name   |   min   |   max   |  Latency |  achieved |   target  | Count| Pipelined|
        +----------------+---------+---------+----------+-----------+-----------+------+----------+
        |- init_loop     |       64|       64|         1|          1|          1|    64|       yes|
        |- main_loop     |        ?|        ?|         ?|          -|          -|     ?|        no|
        | + search_loop  |        ?|        ?|         3|          -|          -|     ?|        no|
        +----------------+---------+---------+----------+-----------+-----------+------+----------+



================================================================
== Utilization Estimates
================================================================
* Summary: 
+-----------------+---------+-----+--------+-------+-----+
|       Name      | BRAM_18K| DSP |   FF   |  LUT  | URAM|
+-----------------+---------+-----+--------+-------+-----+
|DSP              |        -|    -|       -|      -|    -|
|Expression       |        -|    -|       0|    317|    -|
|FIFO             |        -|    -|       -|      -|    -|
|Instance         |        -|    -|       0|     40|    -|
|Memory           |        8|    -|       0|      0|    -|
|Multiplexer      |        -|    -|       -|    498|    -|
|Register         |        -|    -|     260|      -|    -|
+-----------------+---------+-----+--------+-------+-----+
|Total            |        8|    0|     260|    855|    0|
+-----------------+---------+-----+--------+-------+-----+
|Available        |      432|  360|  141120|  70560|    0|
+-----------------+---------+-----+--------+-------+-----+
|Utilization (%)  |        1|    0|      ~0|      1|    0|
+-----------------+---------+-----+--------+-------+-----+

+ Detail: 
    * Instance: 
    +--------------------+----------------+---------+----+---+----+-----+
    |      Instance      |     Module     | BRAM_18K| DSP| FF| LUT| URAM|
    +--------------------+----------------+---------+----+---+----+-----+
    |mux_464_32_1_1_U18  |mux_464_32_1_1  |        0|   0|  0|  20|    0|
    |mux_464_8_1_1_U19   |mux_464_8_1_1   |        0|   0|  0|  20|    0|
    +--------------------+----------------+---------+----+---+----+-----+
    |Total               |                |        0|   0|  0|  40|    0|
    +--------------------+----------------+---------+----+---+----+-----+

    * DSP: 
    N/A

    * Memory: 
    +-----------------------+------------------------------+---------+---+----+-----+------+-----+------+-------------+
    |         Memory        |            Module            | BRAM_18K| FF| LUT| URAM| Words| Bits| Banks| W*Bits*Banks|
    +-----------------------+------------------------------+---------+---+----+-----+------+-----+------+-------------+
    |table_character_0_U    |encoding_table_character_0    |        1|  0|   0|    0|   128|    8|     1|         1024|
    |table_character_1_U    |encoding_table_character_0    |        1|  0|   0|    0|   128|    8|     1|         1024|
    |table_character_2_U    |encoding_table_character_0    |        1|  0|   0|    0|   128|    8|     1|         1024|
    |table_character_3_U    |encoding_table_character_0    |        1|  0|   0|    0|   128|    8|     1|         1024|
    |table_prefix_code_0_U  |encoding_table_prefix_code_0  |        1|  0|   0|    0|   128|   32|     1|         4096|
    |table_prefix_code_1_U  |encoding_table_prefix_code_0  |        1|  0|   0|    0|   128|   32|     1|         4096|
    |table_prefix_code_2_U  |encoding_table_prefix_code_0  |        1|  0|   0|    0|   128|   32|     1|         4096|
    |table_prefix_code_3_U  |encoding_table_prefix_code_0  |        1|  0|   0|    0|   128|   32|     1|         4096|
    +-----------------------+------------------------------+---------+---+----+-----+------+-----+------+-------------+
    |Total                  |                              |        8|  0|   0|    0|  1024|  160|     8|        20480|
    +-----------------------+------------------------------+---------+---+----+-----+------+-----+------+-------------+

    * FIFO: 
    N/A

    * Expression: 
    +---------------------------------+----------+----+---+----+------------+------------+
    |          Variable Name          | Operation| DSP| FF| LUT| Bitwidth P0| Bitwidth P1|
    +---------------------------------+----------+----+---+----+------------+------------+
    |add_ln40_fu_728_p2               |         +|   0|  0|  38|          31|           1|
    |grp_fu_481_p2                    |         +|   0|  0|  39|          32|           1|
    |i_2_fu_497_p2                    |         +|   0|  0|  16|           9|           3|
    |i_4_fu_734_p2                    |         +|   0|  0|  38|          31|           1|
    |table_size_1_fu_666_p2           |         +|   0|  0|  39|          32|           1|
    |ap_block_state5                  |       and|   0|  0|   2|           1|           1|
    |ap_ext_blocking_n                |       and|   0|  0|   2|           2|           2|
    |ap_int_blocking_cur_n            |       and|   0|  0|   2|           1|           1|
    |ap_int_blocking_n                |       and|   0|  0|   2|           1|           2|
    |ap_str_blocking_n                |       and|   0|  0|   2|           2|           2|
    |icmp_ln35_fu_569_p2              |      icmp|   0|  0|  20|          32|          32|
    |icmp_ln40_1_fu_589_p2            |      icmp|   0|  0|  20|          32|          32|
    |icmp_ln40_fu_574_p2              |      icmp|   0|  0|  20|          32|           9|
    |icmp_ln42_1_fu_723_p2            |      icmp|   0|  0|  11|           8|           8|
    |icmp_ln42_fu_704_p2              |      icmp|   0|  0|  20|          32|          32|
    |icmp_ln54_fu_631_p2              |      icmp|   0|  0|  16|          23|           1|
    |ap_block_state1                  |        or|   0|  0|   2|           1|           1|
    |ap_block_state4                  |        or|   0|  0|   2|           1|           1|
    |ap_predicate_op102_write_state5  |        or|   0|  0|   2|           1|           1|
    |or_ln29_1_fu_537_p2              |        or|   0|  0|   8|           8|           2|
    |or_ln29_2_fu_544_p2              |        or|   0|  0|   8|           8|           2|
    |or_ln29_fu_530_p2                |        or|   0|  0|   8|           8|           1|
    +---------------------------------+----------+----+---+----+------------+------------+
    |Total                            |          |   0|  0| 317|         328|         137|
    +---------------------------------+----------+----+---+----+------------+------------+

    * Multiplexer: 
    +------------------------------+----+-----------+-----+-----------+
    |             Name             | LUT| Input Size| Bits| Total Bits|
    +------------------------------+----+-----------+-----+-----------+
    |ap_NS_fsm                     |  49|          9|    1|          9|
    |ap_done                       |   9|          2|    1|          2|
    |ap_phi_mux_p_3_phi_fu_468_p4  |   9|          2|   31|         62|
    |code_stream_blk_n             |   9|          2|    1|          2|
    |code_stream_din               |  14|          3|   32|         96|
    |found_reg_453                 |   9|          2|   31|         62|
    |i_3_reg_423                   |   9|          2|   31|         62|
    |i_reg_412                     |   9|          2|    9|         18|
    |input_size_blk_n              |   9|          2|    1|          2|
    |input_stream_blk_n            |   9|          2|    1|          2|
    |local_output_code_address0    |  14|          3|    8|         24|
    |local_output_code_d0          |  14|          3|   32|         96|
    |local_output_size_out1_blk_n  |   9|          2|    1|          2|
    |local_output_size_out_blk_n   |   9|          2|    1|          2|
    |out_index_fu_142              |   9|          2|   32|         64|
    |p_1_reg_435                   |   9|          2|   32|         64|
    |p_3_reg_465                   |   9|          2|   31|         62|
    |real_start                    |   9|          2|    1|          2|
    |table_character_0_address0    |  20|          4|    7|         28|
    |table_character_0_d0          |  14|          3|    8|         24|
    |table_character_1_address0    |  20|          4|    7|         28|
    |table_character_1_d0          |  14|          3|    8|         24|
    |table_character_2_address0    |  20|          4|    7|         28|
    |table_character_2_d0          |  14|          3|    8|         24|
    |table_character_3_address0    |  20|          4|    7|         28|
    |table_character_3_d0          |  14|          3|    8|         24|
    |table_prefix_code_0_address0  |  20|          4|    7|         28|
    |table_prefix_code_0_d0        |  14|          3|   32|         96|
    |table_prefix_code_1_address0  |  20|          4|    7|         28|
    |table_prefix_code_1_d0        |  14|          3|   32|         96|
    |table_prefix_code_2_address0  |  20|          4|    7|         28|
    |table_prefix_code_2_d0        |  14|          3|   32|         96|
    |table_prefix_code_3_address0  |  20|          4|    7|         28|
    |table_prefix_code_3_d0        |  14|          3|   32|         96|
    |table_size_fu_138             |   9|          2|   32|         64|
    +------------------------------+----+-----------+-----+-----------+
    |Total                         | 498|        104|  525|       1401|
    +------------------------------+----+-----------+-----+-----------+

    * Register: 
    +-------------------------+----+----+-----+-----------+
    |           Name          | FF | LUT| Bits| Const Bits|
    +-------------------------+----+----+-----+-----------+
    |ap_CS_fsm                |   8|   0|    8|          0|
    |ap_done_reg              |   1|   0|    1|          0|
    |found_reg_453            |  31|   0|   31|          0|
    |i_3_reg_423              |  31|   0|   31|          0|
    |i_reg_412                |   9|   0|    9|          0|
    |icmp_ln40_1_reg_798      |   1|   0|    1|          0|
    |icmp_ln40_reg_794        |   1|   0|    1|          0|
    |icmp_ln42_reg_841        |   1|   0|    1|          0|
    |input_size_read_reg_747  |  32|   0|   32|          0|
    |out_index_fu_142         |  32|   0|   32|          0|
    |p_1_reg_435              |  32|   0|   32|          0|
    |p_3_reg_465              |  31|   0|   31|          0|
    |start_once_reg           |   1|   0|    1|          0|
    |table_size_fu_138        |  32|   0|   32|          0|
    |tmp_7_reg_784            |   8|   0|    8|          0|
    |zext_ln42_1_reg_802      |   7|   0|   64|         57|
    |zext_ln42_reg_836        |   2|   0|   64|         62|
    +-------------------------+----+----+-----+-----------+
    |Total                    | 260|   0|  379|        119|
    +-------------------------+----+----+-----+-----------+



================================================================
== Interface
================================================================
* Summary: 
+-------------------------------+-----+-----+------------+------------------------+--------------+
|           RTL Ports           | Dir | Bits|  Protocol  |      Source Object     |    C Type    |
+-------------------------------+-----+-----+------------+------------------------+--------------+
|ap_clk                         |   in|    1|  ap_ctrl_hs|                encoding|  return value|
|ap_rst                         |   in|    1|  ap_ctrl_hs|                encoding|  return value|
|ap_start                       |   in|    1|  ap_ctrl_hs|                encoding|  return value|
|start_full_n                   |   in|    1|  ap_ctrl_hs|                encoding|  return value|
|ap_done                        |  out|    1|  ap_ctrl_hs|                encoding|  return value|
|ap_continue                    |   in|    1|  ap_ctrl_hs|                encoding|  return value|
|ap_idle                        |  out|    1|  ap_ctrl_hs|                encoding|  return value|
|ap_ready                       |  out|    1|  ap_ctrl_hs|                encoding|  return value|
|start_out                      |  out|    1|  ap_ctrl_hs|                encoding|  return value|
|start_write                    |  out|    1|  ap_ctrl_hs|                encoding|  return value|
|ap_ext_blocking_n              |  out|    1|  ap_ctrl_hs|                encoding|  return value|
|ap_str_blocking_n              |  out|    1|  ap_ctrl_hs|                encoding|  return value|
|ap_int_blocking_n              |  out|    1|  ap_ctrl_hs|                encoding|  return value|
|input_stream_dout              |   in|    8|     ap_fifo|            input_stream|       pointer|
|input_stream_empty_n           |   in|    1|     ap_fifo|            input_stream|       pointer|
|input_stream_read              |  out|    1|     ap_fifo|            input_stream|       pointer|
|code_stream_din                |  out|   32|     ap_fifo|             code_stream|       pointer|
|code_stream_full_n             |   in|    1|     ap_fifo|             code_stream|       pointer|
|code_stream_write              |  out|    1|     ap_fifo|             code_stream|       pointer|
|input_size_dout                |   in|   32|     ap_fifo|              input_size|       pointer|
|input_size_empty_n             |   in|    1|     ap_fifo|              input_size|       pointer|
|input_size_read                |  out|    1|     ap_fifo|              input_size|       pointer|
|local_output_code_address0     |  out|    8|   ap_memory|       local_output_code|         array|
|local_output_code_ce0          |  out|    1|   ap_memory|       local_output_code|         array|
|local_output_code_we0          |  out|    1|   ap_memory|       local_output_code|         array|
|local_output_code_d0           |  out|   32|   ap_memory|       local_output_code|         array|
|local_output_size_out_din      |  out|   32|     ap_fifo|   local_output_size_out|       pointer|
|local_output_size_out_full_n   |   in|    1|     ap_fifo|   local_output_size_out|       pointer|
|local_output_size_out_write    |  out|    1|     ap_fifo|   local_output_size_out|       pointer|
|local_output_size_out1_din     |  out|   32|     ap_fifo|  local_output_size_out1|       pointer|
|local_output_size_out1_full_n  |   in|    1|     ap_fifo|  local_output_size_out1|       pointer|
|local_output_size_out1_write   |  out|    1|     ap_fifo|  local_output_size_out1|       pointer|
+-------------------------------+-----+-----+------------+------------------------+--------------+

