Copyright 1986-2020 Xilinx, Inc. All Rights Reserved.
-----------------------------------------------------------------------------------------------------------------------------------------------------------------------------
| Tool Version : Vivado v.2020.2 (lin64) Build 3064766 Wed Nov 18 09:12:47 MST 2020
| Date         : Sun Dec  8 20:22:19 2024
| Host         : altair.seas.upenn.edu running 64-bit openSUSE Leap 15.6
| Command      : report_accelerator_utilization -kernels { lzw_fpga:u96v2_sbc_base_i/lzw_fpga_1/U0:lzw_fpga_1} -file kernel_util_synthed.rpt -name kernel_util_synthed -json
| Design       : u96v2_sbc_base_wrapper
| Device       : xczu3eg
| Design State : Synthesized
-----------------------------------------------------------------------------------------------------------------------------------------------------------------------------

Accelerator Utilization Design Information

Table of Contents
-----------------
1. System Utilization

1. System Utilization
---------------------

+---------------------+-----------------+-----------------+------------------+---------------+---------------+
| Name                | LUT             | LUTAsMem        | REG              | BRAM          | DSP           |
+---------------------+-----------------+-----------------+------------------+---------------+---------------+
| Platform            | 23620 [ 33.48%] |  2015 [  7.00%] |  28066 [ 19.89%] |  24 [ 11.11%] |   0 [  0.00%] |
| User Budget         | 46940 [100.00%] | 26785 [100.00%] | 113054 [100.00%] | 192 [100.00%] | 360 [100.00%] |
|    Used Resources   |  7554 [ 16.09%] |  2367 [  8.84%] |   7532 [  6.66%] |   3 [  1.56%] |   0 [  0.00%] |
|    Unused Resources | 39386 [ 83.91%] | 24418 [ 91.16%] | 105522 [ 93.34%] | 189 [ 98.44%] | 360 [100.00%] |
| lzw_fpga            |  7554 [ 16.09%] |  2367 [  8.84%] |   7532 [  6.66%] |   3 [  1.56%] |   0 [  0.00%] |
|    lzw_fpga_1       |  7554 [ 16.09%] |  2367 [  8.84%] |   7532 [  6.66%] |   3 [  1.56%] |   0 [  0.00%] |
+---------------------+-----------------+-----------------+------------------+---------------+---------------+


