Copyright 1986-2020 Xilinx, Inc. All Rights Reserved.
---------------------------------------------------------------------------------------------------------------------------------------------------------------------------
| Tool Version : Vivado v.2020.2 (lin64) Build 3064766 Wed Nov 18 09:12:47 MST 2020
| Date         : Sun Dec  8 20:24:32 2024
| Host         : altair.seas.upenn.edu running 64-bit openSUSE Leap 15.6
| Command      : report_accelerator_utilization -kernels { lzw_fpga:u96v2_sbc_base_i/lzw_fpga_1/U0:lzw_fpga_1} -file kernel_util_routed.rpt -name kernel_util_routed -json
| Design       : u96v2_sbc_base_wrapper
| Device       : xczu3eg
| Design State : Routed
---------------------------------------------------------------------------------------------------------------------------------------------------------------------------

Accelerator Utilization Design Information

Table of Contents
-----------------
1. System Utilization

1. System Utilization
---------------------

+---------------------+-----------------+-----------------+------------------+---------------+---------------+
| Name                | LUT             | LUTAsMem        | REG              | BRAM          | DSP           |
+---------------------+-----------------+-----------------+------------------+---------------+---------------+
| Platform            | 18233 [ 25.84%] |  1658 [  5.76%] |  21892 [ 15.51%] |  18 [  8.33%] |   0 [  0.00%] |
| User Budget         | 52327 [100.00%] | 27142 [100.00%] | 119228 [100.00%] | 198 [100.00%] | 360 [100.00%] |
|    Used Resources   |  7046 [ 13.47%] |  2053 [  7.56%] |   7530 [  6.32%] |   3 [  1.52%] |   0 [  0.00%] |
|    Unused Resources | 45281 [ 86.53%] | 25089 [ 92.44%] | 111698 [ 93.68%] | 195 [ 98.48%] | 360 [100.00%] |
| lzw_fpga            |  7046 [ 13.47%] |  2053 [  7.56%] |   7530 [  6.32%] |   3 [  1.52%] |   0 [  0.00%] |
|    lzw_fpga_1       |  7046 [ 13.47%] |  2053 [  7.56%] |   7530 [  6.32%] |   3 [  1.52%] |   0 [  0.00%] |
+---------------------+-----------------+-----------------+------------------+---------------+---------------+


