Copyright 1986-2020 Xilinx, Inc. All Rights Reserved.
-----------------------------------------------------------------------------------------------------------------------------------------------------------------------------
| Tool Version : Vivado v.2020.2 (lin64) Build 3064766 Wed Nov 18 09:12:47 MST 2020
| Date         : Fri Nov 15 14:32:56 2024
| Host         : polaris running 64-bit openSUSE Leap 15.6
| Command      : report_accelerator_utilization -kernels { lzw_fpga:u96v2_sbc_base_i/lzw_fpga_1/U0:lzw_fpga_1} -file kernel_util_synthed.rpt -name kernel_util_synthed -json
| Design       : u96v2_sbc_base_wrapper
| Device       : xczu3eg
| Design State : Synthesized
-----------------------------------------------------------------------------------------------------------------------------------------------------------------------------

Accelerator Utilization Design Information

Table of Contents
-----------------
1. System Utilization

1. System Utilization
---------------------

+---------------------+-----------------+-----------------+------------------+---------------+---------------+
| Name                | LUT             | LUTAsMem        | REG              | BRAM          | DSP           |
+---------------------+-----------------+-----------------+------------------+---------------+---------------+
| Platform            | 18351 [ 26.01%] |  1144 [  3.97%] |  21010 [ 14.89%] |   4 [  1.85%] |   0 [  0.00%] |
| User Budget         | 52209 [100.00%] | 27656 [100.00%] | 120110 [100.00%] | 212 [100.00%] | 360 [100.00%] |
|    Used Resources   |  3956 [  7.58%] |   501 [  1.81%] |   5126 [  4.27%] |  38 [ 17.92%] |   0 [  0.00%] |
|    Unused Resources | 48253 [ 92.42%] | 27155 [ 98.19%] | 114984 [ 95.73%] | 174 [ 82.08%] | 360 [100.00%] |
| lzw_fpga            |  3956 [  7.58%] |   501 [  1.81%] |   5126 [  4.27%] |  38 [ 17.92%] |   0 [  0.00%] |
|    lzw_fpga_1       |  3956 [  7.58%] |   501 [  1.81%] |   5126 [  4.27%] |  38 [ 17.92%] |   0 [  0.00%] |
+---------------------+-----------------+-----------------+------------------+---------------+---------------+


